2025-06-07 23:56:05 startup archives install
2025-06-07 23:56:05 install base-passwd:amd64 <none> 3.6.1
2025-06-07 23:56:05 status half-installed base-passwd:amd64 3.6.1
2025-06-07 23:56:05 status unpacked base-passwd:amd64 3.6.1
2025-06-07 23:56:05 configure base-passwd:amd64 3.6.1 3.6.1
2025-06-07 23:56:05 status half-configured base-passwd:amd64 3.6.1
2025-06-07 23:56:05 status installed base-passwd:amd64 3.6.1
2025-06-07 23:56:05 startup archives install
2025-06-07 23:56:05 install base-files:amd64 <none> 12.4+deb12u11
2025-06-07 23:56:05 status half-installed base-files:amd64 12.4+deb12u11
2025-06-07 23:56:05 status unpacked base-files:amd64 12.4+deb12u11
2025-06-07 23:56:05 configure base-files:amd64 12.4+deb12u11 12.4+deb12u11
2025-06-07 23:56:05 status half-configured base-files:amd64 12.4+deb12u11
2025-06-07 23:56:05 status installed base-files:amd64 12.4+deb12u11
2025-06-07 23:56:05 startup archives install
2025-06-07 23:56:05 upgrade dpkg 1.21.22 1.21.22
2025-06-07 23:56:05 status half-configured dpkg 1.21.22
2025-06-07 23:56:05 status unpacked dpkg 1.21.22
2025-06-07 23:56:05 status half-installed dpkg 1.21.22
2025-06-07 23:56:05 status unpacked dpkg:amd64 1.21.22
2025-06-07 23:56:05 configure dpkg:amd64 1.21.22 1.21.22
2025-06-07 23:56:05 status half-configured dpkg:amd64 1.21.22
2025-06-07 23:56:06 status installed dpkg:amd64 1.21.22
2025-06-07 23:56:06 startup archives install
2025-06-07 23:56:06 install libc6:amd64 <none> 2.36-9+deb12u10
2025-06-07 23:56:06 status half-installed libc6:amd64 2.36-9+deb12u10
2025-06-07 23:56:06 status unpacked libc6:amd64 2.36-9+deb12u10
2025-06-07 23:56:06 configure libc6:amd64 2.36-9+deb12u10 2.36-9+deb12u10
2025-06-07 23:56:06 status half-configured libc6:amd64 2.36-9+deb12u10
2025-06-07 23:56:06 status installed libc6:amd64 2.36-9+deb12u10
2025-06-07 23:56:06 startup archives install
2025-06-07 23:56:06 install perl-base:amd64 <none> 5.36.0-7+deb12u2
2025-06-07 23:56:06 status half-installed perl-base:amd64 5.36.0-7+deb12u2
2025-06-07 23:56:07 status unpacked perl-base:amd64 5.36.0-7+deb12u2
2025-06-07 23:56:07 configure perl-base:amd64 5.36.0-7+deb12u2 5.36.0-7+deb12u2
2025-06-07 23:56:07 status half-configured perl-base:amd64 5.36.0-7+deb12u2
2025-06-07 23:56:07 status installed perl-base:amd64 5.36.0-7+deb12u2
2025-06-07 23:56:07 startup archives install
2025-06-07 23:56:07 install mawk:amd64 <none> 1.3.4.20200120-3.1
2025-06-07 23:56:07 status half-installed mawk:amd64 1.3.4.20200120-3.1
2025-06-07 23:56:07 status unpacked mawk:amd64 1.3.4.20200120-3.1
2025-06-07 23:56:07 configure mawk:amd64 1.3.4.20200120-3.1 1.3.4.20200120-3.1
2025-06-07 23:56:07 status half-configured mawk:amd64 1.3.4.20200120-3.1
2025-06-07 23:56:07 status installed mawk:amd64 1.3.4.20200120-3.1
2025-06-07 23:56:07 startup archives install
2025-06-07 23:56:07 install debconf:all <none> 1.5.82
2025-06-07 23:56:07 status half-installed debconf:all 1.5.82
2025-06-07 23:56:07 status unpacked debconf:all 1.5.82
2025-06-07 23:56:07 configure debconf:all 1.5.82 1.5.82
2025-06-07 23:56:07 status half-configured debconf:all 1.5.82
2025-06-07 23:56:08 status installed debconf:all 1.5.82
2025-06-07 23:56:08 startup archives unpack
2025-06-07 23:56:08 install adduser:all <none> 3.134
2025-06-07 23:56:08 status half-installed adduser:all 3.134
2025-06-07 23:56:08 status unpacked adduser:all 3.134
2025-06-07 23:56:08 install apt:amd64 <none> 2.6.1
2025-06-07 23:56:08 status half-installed apt:amd64 2.6.1
2025-06-07 23:56:08 status unpacked apt:amd64 2.6.1
2025-06-07 23:56:08 upgrade base-files:amd64 12.4+deb12u11 12.4+deb12u11
2025-06-07 23:56:08 status half-configured base-files:amd64 12.4+deb12u11
2025-06-07 23:56:08 status unpacked base-files:amd64 12.4+deb12u11
2025-06-07 23:56:08 status half-installed base-files:amd64 12.4+deb12u11
2025-06-07 23:56:08 status unpacked base-files:amd64 12.4+deb12u11
2025-06-07 23:56:08 upgrade base-passwd:amd64 3.6.1 3.6.1
2025-06-07 23:56:08 status half-configured base-passwd:amd64 3.6.1
2025-06-07 23:56:08 status unpacked base-passwd:amd64 3.6.1
2025-06-07 23:56:08 status half-installed base-passwd:amd64 3.6.1
2025-06-07 23:56:08 status unpacked base-passwd:amd64 3.6.1
2025-06-07 23:56:08 install bash:amd64 <none> 5.2.15-2+b8
2025-06-07 23:56:08 status half-installed bash:amd64 5.2.15-2+b8
2025-06-07 23:56:08 status unpacked bash:amd64 5.2.15-2+b8
2025-06-07 23:56:08 install bsdutils:amd64 <none> 1:2.38.1-5+deb12u3
2025-06-07 23:56:08 status half-installed bsdutils:amd64 1:2.38.1-5+deb12u3
2025-06-07 23:56:08 status unpacked bsdutils:amd64 1:2.38.1-5+deb12u3
2025-06-07 23:56:08 install coreutils:amd64 <none> 9.1-1
2025-06-07 23:56:08 status half-installed coreutils:amd64 9.1-1
2025-06-07 23:56:09 status unpacked coreutils:amd64 9.1-1
2025-06-07 23:56:09 install dash:amd64 <none> 0.5.12-2
2025-06-07 23:56:09 status half-installed dash:amd64 0.5.12-2
2025-06-07 23:56:09 status unpacked dash:amd64 0.5.12-2
2025-06-07 23:56:09 upgrade debconf:all 1.5.82 1.5.82
2025-06-07 23:56:09 status half-configured debconf:all 1.5.82
2025-06-07 23:56:09 status unpacked debconf:all 1.5.82
2025-06-07 23:56:09 status half-installed debconf:all 1.5.82
2025-06-07 23:56:09 status unpacked debconf:all 1.5.82
2025-06-07 23:56:09 install debian-archive-keyring:all <none> 2023.3+deb12u2
2025-06-07 23:56:09 status half-installed debian-archive-keyring:all 2023.3+deb12u2
2025-06-07 23:56:09 status unpacked debian-archive-keyring:all 2023.3+deb12u2
2025-06-07 23:56:09 install debianutils:amd64 <none> 5.7-0.5~deb12u1
2025-06-07 23:56:09 status half-installed debianutils:amd64 5.7-0.5~deb12u1
2025-06-07 23:56:09 status unpacked debianutils:amd64 5.7-0.5~deb12u1
2025-06-07 23:56:09 install diffutils:amd64 <none> 1:3.8-4
2025-06-07 23:56:09 status half-installed diffutils:amd64 1:3.8-4
2025-06-07 23:56:10 status unpacked diffutils:amd64 1:3.8-4
2025-06-07 23:56:10 upgrade dpkg:amd64 1.21.22 1.21.22
2025-06-07 23:56:10 status half-configured dpkg:amd64 1.21.22
2025-06-07 23:56:10 status unpacked dpkg:amd64 1.21.22
2025-06-07 23:56:10 status half-installed dpkg:amd64 1.21.22
2025-06-07 23:56:10 status unpacked dpkg:amd64 1.21.22
2025-06-07 23:56:10 install e2fsprogs:amd64 <none> 1.47.0-2
2025-06-07 23:56:10 status half-installed e2fsprogs:amd64 1.47.0-2
2025-06-07 23:56:10 status unpacked e2fsprogs:amd64 1.47.0-2
2025-06-07 23:56:10 install findutils:amd64 <none> 4.9.0-4
2025-06-07 23:56:10 status half-installed findutils:amd64 4.9.0-4
2025-06-07 23:56:10 status unpacked findutils:amd64 4.9.0-4
2025-06-07 23:56:10 install gcc-12-base:amd64 <none> 12.2.0-14+deb12u1
2025-06-07 23:56:10 status half-installed gcc-12-base:amd64 12.2.0-14+deb12u1
2025-06-07 23:56:10 status unpacked gcc-12-base:amd64 12.2.0-14+deb12u1
2025-06-07 23:56:10 install gpgv:amd64 <none> 2.2.40-1.1
2025-06-07 23:56:10 status half-installed gpgv:amd64 2.2.40-1.1
2025-06-07 23:56:10 status unpacked gpgv:amd64 2.2.40-1.1
2025-06-07 23:56:10 install grep:amd64 <none> 3.8-5
2025-06-07 23:56:10 status half-installed grep:amd64 3.8-5
2025-06-07 23:56:10 status unpacked grep:amd64 3.8-5
2025-06-07 23:56:10 install gzip:amd64 <none> 1.12-1
2025-06-07 23:56:10 status half-installed gzip:amd64 1.12-1
2025-06-07 23:56:10 status unpacked gzip:amd64 1.12-1
2025-06-07 23:56:10 install hostname:amd64 <none> 3.23+nmu1
2025-06-07 23:56:10 status half-installed hostname:amd64 3.23+nmu1
2025-06-07 23:56:11 status unpacked hostname:amd64 3.23+nmu1
2025-06-07 23:56:11 install init-system-helpers:all <none> 1.65.2
2025-06-07 23:56:11 status half-installed init-system-helpers:all 1.65.2
2025-06-07 23:56:11 status unpacked init-system-helpers:all 1.65.2
2025-06-07 23:56:11 install libacl1:amd64 <none> 2.3.1-3
2025-06-07 23:56:11 status half-installed libacl1:amd64 2.3.1-3
2025-06-07 23:56:11 status unpacked libacl1:amd64 2.3.1-3
2025-06-07 23:56:11 install libapt-pkg6.0:amd64 <none> 2.6.1
2025-06-07 23:56:11 status half-installed libapt-pkg6.0:amd64 2.6.1
2025-06-07 23:56:11 status unpacked libapt-pkg6.0:amd64 2.6.1
2025-06-07 23:56:11 install libattr1:amd64 <none> 1:2.5.1-4
2025-06-07 23:56:11 status half-installed libattr1:amd64 1:2.5.1-4
2025-06-07 23:56:11 status unpacked libattr1:amd64 1:2.5.1-4
2025-06-07 23:56:11 install libaudit-common:all <none> 1:3.0.9-1
2025-06-07 23:56:11 status half-installed libaudit-common:all 1:3.0.9-1
2025-06-07 23:56:11 status unpacked libaudit-common:all 1:3.0.9-1
2025-06-07 23:56:11 install libaudit1:amd64 <none> 1:3.0.9-1
2025-06-07 23:56:11 status half-installed libaudit1:amd64 1:3.0.9-1
2025-06-07 23:56:11 status unpacked libaudit1:amd64 1:3.0.9-1
2025-06-07 23:56:11 install libblkid1:amd64 <none> 2.38.1-5+deb12u3
2025-06-07 23:56:11 status half-installed libblkid1:amd64 2.38.1-5+deb12u3
2025-06-07 23:56:11 status unpacked libblkid1:amd64 2.38.1-5+deb12u3
2025-06-07 23:56:11 install libbz2-1.0:amd64 <none> 1.0.8-5+b1
2025-06-07 23:56:11 status half-installed libbz2-1.0:amd64 1.0.8-5+b1
2025-06-07 23:56:11 status unpacked libbz2-1.0:amd64 1.0.8-5+b1
2025-06-07 23:56:11 install libc-bin:amd64 <none> 2.36-9+deb12u10
2025-06-07 23:56:11 status half-installed libc-bin:amd64 2.36-9+deb12u10
2025-06-07 23:56:11 status unpacked libc-bin:amd64 2.36-9+deb12u10
2025-06-07 23:56:11 upgrade libc6:amd64 2.36-9+deb12u10 2.36-9+deb12u10
2025-06-07 23:56:11 status half-configured libc6:amd64 2.36-9+deb12u10
2025-06-07 23:56:11 status unpacked libc6:amd64 2.36-9+deb12u10
2025-06-07 23:56:11 status half-installed libc6:amd64 2.36-9+deb12u10
2025-06-07 23:56:12 status unpacked libc6:amd64 2.36-9+deb12u10
2025-06-07 23:56:12 install libcap-ng0:amd64 <none> 0.8.3-1+b3
2025-06-07 23:56:12 status half-installed libcap-ng0:amd64 0.8.3-1+b3
2025-06-07 23:56:12 status unpacked libcap-ng0:amd64 0.8.3-1+b3
2025-06-07 23:56:12 install libcap2:amd64 <none> 1:2.66-4+deb12u1
2025-06-07 23:56:12 status half-installed libcap2:amd64 1:2.66-4+deb12u1
2025-06-07 23:56:12 status unpacked libcap2:amd64 1:2.66-4+deb12u1
2025-06-07 23:56:12 install libcom-err2:amd64 <none> 1.47.0-2
2025-06-07 23:56:12 status half-installed libcom-err2:amd64 1.47.0-2
2025-06-07 23:56:12 status unpacked libcom-err2:amd64 1.47.0-2
2025-06-07 23:56:12 install libcrypt1:amd64 <none> 1:4.4.33-2
2025-06-07 23:56:12 status half-installed libcrypt1:amd64 1:4.4.33-2
2025-06-07 23:56:12 status unpacked libcrypt1:amd64 1:4.4.33-2
2025-06-07 23:56:12 install libdb5.3:amd64 <none> 5.3.28+dfsg2-1
2025-06-07 23:56:12 status half-installed libdb5.3:amd64 5.3.28+dfsg2-1
2025-06-07 23:56:12 status unpacked libdb5.3:amd64 5.3.28+dfsg2-1
2025-06-07 23:56:12 install libdebconfclient0:amd64 <none> 0.270
2025-06-07 23:56:12 status half-installed libdebconfclient0:amd64 0.270
2025-06-07 23:56:12 status unpacked libdebconfclient0:amd64 0.270
2025-06-07 23:56:12 install libext2fs2:amd64 <none> 1.47.0-2
2025-06-07 23:56:12 status half-installed libext2fs2:amd64 1.47.0-2
2025-06-07 23:56:12 status unpacked libext2fs2:amd64 1.47.0-2
2025-06-07 23:56:12 install libffi8:amd64 <none> 3.4.4-1
2025-06-07 23:56:12 status half-installed libffi8:amd64 3.4.4-1
2025-06-07 23:56:12 status unpacked libffi8:amd64 3.4.4-1
2025-06-07 23:56:12 install libgcc-s1:amd64 <none> 12.2.0-14+deb12u1
2025-06-07 23:56:12 status half-installed libgcc-s1:amd64 12.2.0-14+deb12u1
2025-06-07 23:56:12 status unpacked libgcc-s1:amd64 12.2.0-14+deb12u1
2025-06-07 23:56:12 install libgcrypt20:amd64 <none> 1.10.1-3
2025-06-07 23:56:12 status half-installed libgcrypt20:amd64 1.10.1-3
2025-06-07 23:56:13 status unpacked libgcrypt20:amd64 1.10.1-3
2025-06-07 23:56:13 install libgmp10:amd64 <none> 2:6.2.1+dfsg1-1.1
2025-06-07 23:56:13 status half-installed libgmp10:amd64 2:6.2.1+dfsg1-1.1
2025-06-07 23:56:13 status unpacked libgmp10:amd64 2:6.2.1+dfsg1-1.1
2025-06-07 23:56:13 install libgnutls30:amd64 <none> 3.7.9-2+deb12u4
2025-06-07 23:56:13 status half-installed libgnutls30:amd64 3.7.9-2+deb12u4
2025-06-07 23:56:13 status unpacked libgnutls30:amd64 3.7.9-2+deb12u4
2025-06-07 23:56:13 install libgpg-error0:amd64 <none> 1.46-1
2025-06-07 23:56:13 status half-installed libgpg-error0:amd64 1.46-1
2025-06-07 23:56:13 status unpacked libgpg-error0:amd64 1.46-1
2025-06-07 23:56:13 install libhogweed6:amd64 <none> 3.8.1-2
2025-06-07 23:56:13 status half-installed libhogweed6:amd64 3.8.1-2
2025-06-07 23:56:13 status unpacked libhogweed6:amd64 3.8.1-2
2025-06-07 23:56:13 install libidn2-0:amd64 <none> 2.3.3-1+b1
2025-06-07 23:56:13 status half-installed libidn2-0:amd64 2.3.3-1+b1
2025-06-07 23:56:13 status unpacked libidn2-0:amd64 2.3.3-1+b1
2025-06-07 23:56:13 install liblz4-1:amd64 <none> 1.9.4-1
2025-06-07 23:56:13 status half-installed liblz4-1:amd64 1.9.4-1
2025-06-07 23:56:13 status unpacked liblz4-1:amd64 1.9.4-1
2025-06-07 23:56:13 install liblzma5:amd64 <none> 5.4.1-1
2025-06-07 23:56:13 status half-installed liblzma5:amd64 5.4.1-1
2025-06-07 23:56:13 status unpacked liblzma5:amd64 5.4.1-1
2025-06-07 23:56:13 install libmd0:amd64 <none> 1.0.4-2
2025-06-07 23:56:13 status half-installed libmd0:amd64 1.0.4-2
2025-06-07 23:56:13 status unpacked libmd0:amd64 1.0.4-2
2025-06-07 23:56:13 install libmount1:amd64 <none> 2.38.1-5+deb12u3
2025-06-07 23:56:13 status half-installed libmount1:amd64 2.38.1-5+deb12u3
2025-06-07 23:56:13 status unpacked libmount1:amd64 2.38.1-5+deb12u3
2025-06-07 23:56:13 install libnettle8:amd64 <none> 3.8.1-2
2025-06-07 23:56:13 status half-installed libnettle8:amd64 3.8.1-2
2025-06-07 23:56:13 status unpacked libnettle8:amd64 3.8.1-2
2025-06-07 23:56:13 install libp11-kit0:amd64 <none> 0.24.1-2
2025-06-07 23:56:13 status half-installed libp11-kit0:amd64 0.24.1-2
2025-06-07 23:56:13 status unpacked libp11-kit0:amd64 0.24.1-2
2025-06-07 23:56:13 install libpam-modules:amd64 <none> 1.5.2-6+deb12u1
2025-06-07 23:56:13 status half-installed libpam-modules:amd64 1.5.2-6+deb12u1
2025-06-07 23:56:14 status unpacked libpam-modules:amd64 1.5.2-6+deb12u1
2025-06-07 23:56:14 install libpam-modules-bin:amd64 <none> 1.5.2-6+deb12u1
2025-06-07 23:56:14 status half-installed libpam-modules-bin:amd64 1.5.2-6+deb12u1
2025-06-07 23:56:14 status unpacked libpam-modules-bin:amd64 1.5.2-6+deb12u1
2025-06-07 23:56:14 install libpam-runtime:all <none> 1.5.2-6+deb12u1
2025-06-07 23:56:14 status half-installed libpam-runtime:all 1.5.2-6+deb12u1
2025-06-07 23:56:14 status unpacked libpam-runtime:all 1.5.2-6+deb12u1
2025-06-07 23:56:14 install libpam0g:amd64 <none> 1.5.2-6+deb12u1
2025-06-07 23:56:14 status half-installed libpam0g:amd64 1.5.2-6+deb12u1
2025-06-07 23:56:14 status unpacked libpam0g:amd64 1.5.2-6+deb12u1
2025-06-07 23:56:14 install libpcre2-8-0:amd64 <none> 10.42-1
2025-06-07 23:56:14 status half-installed libpcre2-8-0:amd64 10.42-1
2025-06-07 23:56:14 status unpacked libpcre2-8-0:amd64 10.42-1
2025-06-07 23:56:14 install libseccomp2:amd64 <none> 2.5.4-1+deb12u1
2025-06-07 23:56:14 status half-installed libseccomp2:amd64 2.5.4-1+deb12u1
2025-06-07 23:56:14 status unpacked libseccomp2:amd64 2.5.4-1+deb12u1
2025-06-07 23:56:14 install libselinux1:amd64 <none> 3.4-1+b6
2025-06-07 23:56:14 status half-installed libselinux1:amd64 3.4-1+b6
2025-06-07 23:56:14 status unpacked libselinux1:amd64 3.4-1+b6
2025-06-07 23:56:14 install libsemanage-common:all <none> 3.4-1
2025-06-07 23:56:14 status half-installed libsemanage-common:all 3.4-1
2025-06-07 23:56:14 status unpacked libsemanage-common:all 3.4-1
2025-06-07 23:56:14 install libsemanage2:amd64 <none> 3.4-1+b5
2025-06-07 23:56:14 status half-installed libsemanage2:amd64 3.4-1+b5
2025-06-07 23:56:14 status unpacked libsemanage2:amd64 3.4-1+b5
2025-06-07 23:56:14 install libsepol2:amd64 <none> 3.4-2.1
2025-06-07 23:56:14 status half-installed libsepol2:amd64 3.4-2.1
2025-06-07 23:56:14 status unpacked libsepol2:amd64 3.4-2.1
2025-06-07 23:56:14 install libsmartcols1:amd64 <none> 2.38.1-5+deb12u3
2025-06-07 23:56:14 status half-installed libsmartcols1:amd64 2.38.1-5+deb12u3
2025-06-07 23:56:14 status unpacked libsmartcols1:amd64 2.38.1-5+deb12u3
2025-06-07 23:56:15 install libss2:amd64 <none> 1.47.0-2
2025-06-07 23:56:15 status half-installed libss2:amd64 1.47.0-2
2025-06-07 23:56:15 status unpacked libss2:amd64 1.47.0-2
2025-06-07 23:56:15 install libstdc++6:amd64 <none> 12.2.0-14+deb12u1
2025-06-07 23:56:15 status half-installed libstdc++6:amd64 12.2.0-14+deb12u1
2025-06-07 23:56:15 status unpacked libstdc++6:amd64 12.2.0-14+deb12u1
2025-06-07 23:56:15 install libsystemd0:amd64 <none> 252.36-1~deb12u1
2025-06-07 23:56:15 status half-installed libsystemd0:amd64 252.36-1~deb12u1
2025-06-07 23:56:15 status unpacked libsystemd0:amd64 252.36-1~deb12u1
2025-06-07 23:56:15 install libtasn1-6:amd64 <none> 4.19.0-2+deb12u1
2025-06-07 23:56:15 status half-installed libtasn1-6:amd64 4.19.0-2+deb12u1
2025-06-07 23:56:15 status unpacked libtasn1-6:amd64 4.19.0-2+deb12u1
2025-06-07 23:56:15 install libtinfo6:amd64 <none> 6.4-4
2025-06-07 23:56:15 status half-installed libtinfo6:amd64 6.4-4
2025-06-07 23:56:15 status unpacked libtinfo6:amd64 6.4-4
2025-06-07 23:56:15 install libudev1:amd64 <none> 252.36-1~deb12u1
2025-06-07 23:56:15 status half-installed libudev1:amd64 252.36-1~deb12u1
2025-06-07 23:56:15 status unpacked libudev1:amd64 252.36-1~deb12u1
2025-06-07 23:56:15 install libunistring2:amd64 <none> 1.0-2
2025-06-07 23:56:15 status half-installed libunistring2:amd64 1.0-2
2025-06-07 23:56:15 status unpacked libunistring2:amd64 1.0-2
2025-06-07 23:56:15 install libuuid1:amd64 <none> 2.38.1-5+deb12u3
2025-06-07 23:56:15 status half-installed libuuid1:amd64 2.38.1-5+deb12u3
2025-06-07 23:56:15 status unpacked libuuid1:amd64 2.38.1-5+deb12u3
2025-06-07 23:56:15 install libxxhash0:amd64 <none> 0.8.1-1
2025-06-07 23:56:15 status half-installed libxxhash0:amd64 0.8.1-1
2025-06-07 23:56:15 status unpacked libxxhash0:amd64 0.8.1-1
2025-06-07 23:56:15 install libzstd1:amd64 <none> 1.5.4+dfsg2-5
2025-06-07 23:56:15 status half-installed libzstd1:amd64 1.5.4+dfsg2-5
2025-06-07 23:56:15 status unpacked libzstd1:amd64 1.5.4+dfsg2-5
2025-06-07 23:56:15 install login:amd64 <none> 1:4.13+dfsg1-1+deb12u1
2025-06-07 23:56:15 status half-installed login:amd64 1:4.13+dfsg1-1+deb12u1
2025-06-07 23:56:15 status unpacked login:amd64 1:4.13+dfsg1-1+deb12u1
2025-06-07 23:56:16 install logsave:amd64 <none> 1.47.0-2
2025-06-07 23:56:16 status half-installed logsave:amd64 1.47.0-2
2025-06-07 23:56:16 status unpacked logsave:amd64 1.47.0-2
2025-06-07 23:56:16 upgrade mawk:amd64 1.3.4.20200120-3.1 1.3.4.20200120-3.1
2025-06-07 23:56:16 status half-configured mawk:amd64 1.3.4.20200120-3.1
2025-06-07 23:56:16 status unpacked mawk:amd64 1.3.4.20200120-3.1
2025-06-07 23:56:16 status half-installed mawk:amd64 1.3.4.20200120-3.1
2025-06-07 23:56:16 status unpacked mawk:amd64 1.3.4.20200120-3.1
2025-06-07 23:56:16 install mount:amd64 <none> 2.38.1-5+deb12u3
2025-06-07 23:56:16 status half-installed mount:amd64 2.38.1-5+deb12u3
2025-06-07 23:56:16 status unpacked mount:amd64 2.38.1-5+deb12u3
2025-06-07 23:56:16 install ncurses-base:all <none> 6.4-4
2025-06-07 23:56:16 status half-installed ncurses-base:all 6.4-4
2025-06-07 23:56:16 status unpacked ncurses-base:all 6.4-4
2025-06-07 23:56:16 install ncurses-bin:amd64 <none> 6.4-4
2025-06-07 23:56:16 status half-installed ncurses-bin:amd64 6.4-4
2025-06-07 23:56:16 status unpacked ncurses-bin:amd64 6.4-4
2025-06-07 23:56:16 install passwd:amd64 <none> 1:4.13+dfsg1-1+deb12u1
2025-06-07 23:56:16 status half-installed passwd:amd64 1:4.13+dfsg1-1+deb12u1
2025-06-07 23:56:16 status unpacked passwd:amd64 1:4.13+dfsg1-1+deb12u1
2025-06-07 23:56:16 upgrade perl-base:amd64 5.36.0-7+deb12u2 5.36.0-7+deb12u2
2025-06-07 23:56:16 status half-configured perl-base:amd64 5.36.0-7+deb12u2
2025-06-07 23:56:16 status unpacked perl-base:amd64 5.36.0-7+deb12u2
2025-06-07 23:56:16 status half-installed perl-base:amd64 5.36.0-7+deb12u2
2025-06-07 23:56:17 status unpacked perl-base:amd64 5.36.0-7+deb12u2
2025-06-07 23:56:17 install sed:amd64 <none> 4.9-1
2025-06-07 23:56:17 status half-installed sed:amd64 4.9-1
2025-06-07 23:56:17 status unpacked sed:amd64 4.9-1
2025-06-07 23:56:17 install sysvinit-utils:amd64 <none> 3.06-4
2025-06-07 23:56:17 status half-installed sysvinit-utils:amd64 3.06-4
2025-06-07 23:56:17 status unpacked sysvinit-utils:amd64 3.06-4
2025-06-07 23:56:18 install tar:amd64 <none> 1.34+dfsg-1.2+deb12u1
2025-06-07 23:56:18 status half-installed tar:amd64 1.34+dfsg-1.2+deb12u1
2025-06-07 23:56:18 status unpacked tar:amd64 1.34+dfsg-1.2+deb12u1
2025-06-07 23:56:18 install tzdata:all <none> 2025b-0+deb12u1
2025-06-07 23:56:18 status half-installed tzdata:all 2025b-0+deb12u1
2025-06-07 23:56:19 status unpacked tzdata:all 2025b-0+deb12u1
2025-06-07 23:56:19 install usr-is-merged:all <none> 37~deb12u1
2025-06-07 23:56:19 status half-installed usr-is-merged:all 37~deb12u1
2025-06-07 23:56:19 status unpacked usr-is-merged:all 37~deb12u1
2025-06-07 23:56:19 install util-linux:amd64 <none> 2.38.1-5+deb12u3
2025-06-07 23:56:19 status half-installed util-linux:amd64 2.38.1-5+deb12u3
2025-06-07 23:56:19 status unpacked util-linux:amd64 2.38.1-5+deb12u3
2025-06-07 23:56:19 install util-linux-extra:amd64 <none> 2.38.1-5+deb12u3
2025-06-07 23:56:19 status half-installed util-linux-extra:amd64 2.38.1-5+deb12u3
2025-06-07 23:56:20 status unpacked util-linux-extra:amd64 2.38.1-5+deb12u3
2025-06-07 23:56:20 install zlib1g:amd64 <none> 1:1.2.13.dfsg-1
2025-06-07 23:56:20 status half-installed zlib1g:amd64 1:1.2.13.dfsg-1
2025-06-07 23:56:20 status unpacked zlib1g:amd64 1:1.2.13.dfsg-1
2025-06-07 23:56:20 startup packages configure
2025-06-07 23:56:20 configure debian-archive-keyring:all 2023.3+deb12u2 <none>
2025-06-07 23:56:20 status unpacked debian-archive-keyring:all 2023.3+deb12u2
2025-06-07 23:56:20 status half-configured debian-archive-keyring:all 2023.3+deb12u2
2025-06-07 23:56:20 status installed debian-archive-keyring:all 2023.3+deb12u2
2025-06-07 23:56:20 configure usr-is-merged:all 37~deb12u1 <none>
2025-06-07 23:56:20 status unpacked usr-is-merged:all 37~deb12u1
2025-06-07 23:56:20 status half-configured usr-is-merged:all 37~deb12u1
2025-06-07 23:56:20 status installed usr-is-merged:all 37~deb12u1
2025-06-07 23:56:20 configure libaudit-common:all 1:3.0.9-1 <none>
2025-06-07 23:56:20 status unpacked libaudit-common:all 1:3.0.9-1
2025-06-07 23:56:20 status half-configured libaudit-common:all 1:3.0.9-1
2025-06-07 23:56:20 status installed libaudit-common:all 1:3.0.9-1
2025-06-07 23:56:20 configure libsemanage-common:all 3.4-1 <none>
2025-06-07 23:56:20 status unpacked libsemanage-common:all 3.4-1
2025-06-07 23:56:20 status half-configured libsemanage-common:all 3.4-1
2025-06-07 23:56:20 status installed libsemanage-common:all 3.4-1
2025-06-07 23:56:20 configure debconf:all 1.5.82 <none>
2025-06-07 23:56:20 status unpacked debconf:all 1.5.82
2025-06-07 23:56:20 status half-configured debconf:all 1.5.82
2025-06-07 23:56:20 status installed debconf:all 1.5.82
2025-06-07 23:56:20 configure gcc-12-base:amd64 12.2.0-14+deb12u1 <none>
2025-06-07 23:56:20 status unpacked gcc-12-base:amd64 12.2.0-14+deb12u1
2025-06-07 23:56:20 status half-configured gcc-12-base:amd64 12.2.0-14+deb12u1
2025-06-07 23:56:20 status installed gcc-12-base:amd64 12.2.0-14+deb12u1
2025-06-07 23:56:20 configure tzdata:all 2025b-0+deb12u1 <none>
2025-06-07 23:56:20 status unpacked tzdata:all 2025b-0+deb12u1
2025-06-07 23:56:20 status half-configured tzdata:all 2025b-0+deb12u1
2025-06-07 23:56:20 status installed tzdata:all 2025b-0+deb12u1
2025-06-07 23:56:20 configure ncurses-base:all 6.4-4 <none>
2025-06-07 23:56:20 status unpacked ncurses-base:all 6.4-4
2025-06-07 23:56:20 status half-configured ncurses-base:all 6.4-4
2025-06-07 23:56:20 status installed ncurses-base:all 6.4-4
2025-06-07 23:56:20 configure init-system-helpers:all 1.65.2 <none>
2025-06-07 23:56:20 status unpacked init-system-helpers:all 1.65.2
2025-06-07 23:56:20 status half-configured init-system-helpers:all 1.65.2
2025-06-07 23:56:20 status installed init-system-helpers:all 1.65.2
2025-06-07 23:56:20 configure libgcc-s1:amd64 12.2.0-14+deb12u1 <none>
2025-06-07 23:56:20 status unpacked libgcc-s1:amd64 12.2.0-14+deb12u1
2025-06-07 23:56:20 status half-configured libgcc-s1:amd64 12.2.0-14+deb12u1
2025-06-07 23:56:20 status installed libgcc-s1:amd64 12.2.0-14+deb12u1
2025-06-07 23:56:20 configure libc6:amd64 2.36-9+deb12u10 <none>
2025-06-07 23:56:20 status unpacked libc6:amd64 2.36-9+deb12u10
2025-06-07 23:56:20 status half-configured libc6:amd64 2.36-9+deb12u10
2025-06-07 23:56:20 status installed libc6:amd64 2.36-9+deb12u10
2025-06-07 23:56:20 configure libudev1:amd64 252.36-1~deb12u1 <none>
2025-06-07 23:56:20 status unpacked libudev1:amd64 252.36-1~deb12u1
2025-06-07 23:56:20 status half-configured libudev1:amd64 252.36-1~deb12u1
2025-06-07 23:56:20 status installed libudev1:amd64 252.36-1~deb12u1
2025-06-07 23:56:20 configure libffi8:amd64 3.4.4-1 <none>
2025-06-07 23:56:20 status unpacked libffi8:amd64 3.4.4-1
2025-06-07 23:56:20 status half-configured libffi8:amd64 3.4.4-1
2025-06-07 23:56:20 status installed libffi8:amd64 3.4.4-1
2025-06-07 23:56:20 configure libmd0:amd64 1.0.4-2 <none>
2025-06-07 23:56:20 status unpacked libmd0:amd64 1.0.4-2
2025-06-07 23:56:20 status half-configured libmd0:amd64 1.0.4-2
2025-06-07 23:56:20 status installed libmd0:amd64 1.0.4-2
2025-06-07 23:56:20 configure libxxhash0:amd64 0.8.1-1 <none>
2025-06-07 23:56:20 status unpacked libxxhash0:amd64 0.8.1-1
2025-06-07 23:56:20 status half-configured libxxhash0:amd64 0.8.1-1
2025-06-07 23:56:20 status installed libxxhash0:amd64 0.8.1-1
2025-06-07 23:56:20 configure libattr1:amd64 1:2.5.1-4 <none>
2025-06-07 23:56:20 status unpacked libattr1:amd64 1:2.5.1-4
2025-06-07 23:56:20 status half-configured libattr1:amd64 1:2.5.1-4
2025-06-07 23:56:20 status installed libattr1:amd64 1:2.5.1-4
2025-06-07 23:56:20 configure sysvinit-utils:amd64 3.06-4 <none>
2025-06-07 23:56:20 status unpacked sysvinit-utils:amd64 3.06-4
2025-06-07 23:56:20 status half-configured sysvinit-utils:amd64 3.06-4
2025-06-07 23:56:20 status installed sysvinit-utils:amd64 3.06-4
2025-06-07 23:56:20 configure libtasn1-6:amd64 4.19.0-2+deb12u1 <none>
2025-06-07 23:56:20 status unpacked libtasn1-6:amd64 4.19.0-2+deb12u1
2025-06-07 23:56:20 status half-configured libtasn1-6:amd64 4.19.0-2+deb12u1
2025-06-07 23:56:21 status installed libtasn1-6:amd64 4.19.0-2+deb12u1
2025-06-07 23:56:21 configure debianutils:amd64 5.7-0.5~deb12u1 <none>
2025-06-07 23:56:21 status unpacked debianutils:amd64 5.7-0.5~deb12u1
2025-06-07 23:56:21 status half-configured debianutils:amd64 5.7-0.5~deb12u1
2025-06-07 23:56:21 status installed debianutils:amd64 5.7-0.5~deb12u1
2025-06-07 23:56:21 configure mawk:amd64 1.3.4.20200120-3.1 <none>
2025-06-07 23:56:21 status unpacked mawk:amd64 1.3.4.20200120-3.1
2025-06-07 23:56:21 status half-configured mawk:amd64 1.3.4.20200120-3.1
2025-06-07 23:56:21 status installed mawk:amd64 1.3.4.20200120-3.1
2025-06-07 23:56:21 configure libdebconfclient0:amd64 0.270 <none>
2025-06-07 23:56:21 status unpacked libdebconfclient0:amd64 0.270
2025-06-07 23:56:21 status half-configured libdebconfclient0:amd64 0.270
2025-06-07 23:56:21 status installed libdebconfclient0:amd64 0.270
2025-06-07 23:56:21 configure base-files:amd64 12.4+deb12u11 <none>
2025-06-07 23:56:21 status unpacked base-files:amd64 12.4+deb12u11
2025-06-07 23:56:21 status half-configured base-files:amd64 12.4+deb12u11
2025-06-07 23:56:21 status installed base-files:amd64 12.4+deb12u11
2025-06-07 23:56:21 configure libbz2-1.0:amd64 1.0.8-5+b1 <none>
2025-06-07 23:56:21 status unpacked libbz2-1.0:amd64 1.0.8-5+b1
2025-06-07 23:56:21 status half-configured libbz2-1.0:amd64 1.0.8-5+b1
2025-06-07 23:56:21 status installed libbz2-1.0:amd64 1.0.8-5+b1
2025-06-07 23:56:21 configure libdb5.3:amd64 5.3.28+dfsg2-1 <none>
2025-06-07 23:56:21 status unpacked libdb5.3:amd64 5.3.28+dfsg2-1
2025-06-07 23:56:21 status half-configured libdb5.3:amd64 5.3.28+dfsg2-1
2025-06-07 23:56:21 status installed libdb5.3:amd64 5.3.28+dfsg2-1
2025-06-07 23:56:21 configure libblkid1:amd64 2.38.1-5+deb12u3 <none>
2025-06-07 23:56:21 status unpacked libblkid1:amd64 2.38.1-5+deb12u3
2025-06-07 23:56:21 status half-configured libblkid1:amd64 2.38.1-5+deb12u3
2025-06-07 23:56:21 status installed libblkid1:amd64 2.38.1-5+deb12u3
2025-06-07 23:56:21 configure libstdc++6:amd64 12.2.0-14+deb12u1 <none>
2025-06-07 23:56:21 status unpacked libstdc++6:amd64 12.2.0-14+deb12u1
2025-06-07 23:56:21 status half-configured libstdc++6:amd64 12.2.0-14+deb12u1
2025-06-07 23:56:21 status installed libstdc++6:amd64 12.2.0-14+deb12u1
2025-06-07 23:56:21 configure libtinfo6:amd64 6.4-4 <none>
2025-06-07 23:56:21 status unpacked libtinfo6:amd64 6.4-4
2025-06-07 23:56:21 status half-configured libtinfo6:amd64 6.4-4
2025-06-07 23:56:21 status installed libtinfo6:amd64 6.4-4
2025-06-07 23:56:21 configure bash:amd64 5.2.15-2+b8 <none>
2025-06-07 23:56:21 status unpacked bash:amd64 5.2.15-2+b8
2025-06-07 23:56:21 status half-configured bash:amd64 5.2.15-2+b8
2025-06-07 23:56:21 status installed bash:amd64 5.2.15-2+b8
2025-06-07 23:56:21 configure libzstd1:amd64 1.5.4+dfsg2-5 <none>
2025-06-07 23:56:21 status unpacked libzstd1:amd64 1.5.4+dfsg2-5
2025-06-07 23:56:21 status half-configured libzstd1:amd64 1.5.4+dfsg2-5
2025-06-07 23:56:21 status installed libzstd1:amd64 1.5.4+dfsg2-5
2025-06-07 23:56:21 configure liblzma5:amd64 5.4.1-1 <none>
2025-06-07 23:56:21 status unpacked liblzma5:amd64 5.4.1-1
2025-06-07 23:56:21 status half-configured liblzma5:amd64 5.4.1-1
2025-06-07 23:56:21 status installed liblzma5:amd64 5.4.1-1
2025-06-07 23:56:21 configure libgpg-error0:amd64 1.46-1 <none>
2025-06-07 23:56:21 status unpacked libgpg-error0:amd64 1.46-1
2025-06-07 23:56:21 status half-configured libgpg-error0:amd64 1.46-1
2025-06-07 23:56:21 status installed libgpg-error0:amd64 1.46-1
2025-06-07 23:56:21 configure liblz4-1:amd64 1.9.4-1 <none>
2025-06-07 23:56:21 status unpacked liblz4-1:amd64 1.9.4-1
2025-06-07 23:56:21 status half-configured liblz4-1:amd64 1.9.4-1
2025-06-07 23:56:21 status installed liblz4-1:amd64 1.9.4-1
2025-06-07 23:56:21 configure libc-bin:amd64 2.36-9+deb12u10 <none>
2025-06-07 23:56:21 status unpacked libc-bin:amd64 2.36-9+deb12u10
2025-06-07 23:56:21 status half-configured libc-bin:amd64 2.36-9+deb12u10
2025-06-07 23:56:21 status installed libc-bin:amd64 2.36-9+deb12u10
2025-06-07 23:56:21 configure ncurses-bin:amd64 6.4-4 <none>
2025-06-07 23:56:21 status unpacked ncurses-bin:amd64 6.4-4
2025-06-07 23:56:21 status half-configured ncurses-bin:amd64 6.4-4
2025-06-07 23:56:21 status installed ncurses-bin:amd64 6.4-4
2025-06-07 23:56:21 configure libacl1:amd64 2.3.1-3 <none>
2025-06-07 23:56:21 status triggers-pending libc-bin:amd64 2.36-9+deb12u10
2025-06-07 23:56:21 status unpacked libacl1:amd64 2.3.1-3
2025-06-07 23:56:21 status half-configured libacl1:amd64 2.3.1-3
2025-06-07 23:56:21 status installed libacl1:amd64 2.3.1-3
2025-06-07 23:56:21 configure libunistring2:amd64 1.0-2 <none>
2025-06-07 23:56:21 status unpacked libunistring2:amd64 1.0-2
2025-06-07 23:56:21 status half-configured libunistring2:amd64 1.0-2
2025-06-07 23:56:21 status installed libunistring2:amd64 1.0-2
2025-06-07 23:56:21 configure libsmartcols1:amd64 2.38.1-5+deb12u3 <none>
2025-06-07 23:56:21 status unpacked libsmartcols1:amd64 2.38.1-5+deb12u3
2025-06-07 23:56:21 status half-configured libsmartcols1:amd64 2.38.1-5+deb12u3
2025-06-07 23:56:21 status installed libsmartcols1:amd64 2.38.1-5+deb12u3
2025-06-07 23:56:21 configure libgcrypt20:amd64 1.10.1-3 <none>
2025-06-07 23:56:21 status unpacked libgcrypt20:amd64 1.10.1-3
2025-06-07 23:56:21 status half-configured libgcrypt20:amd64 1.10.1-3
2025-06-07 23:56:21 status installed libgcrypt20:amd64 1.10.1-3
2025-06-07 23:56:21 configure zlib1g:amd64 1:1.2.13.dfsg-1 <none>
2025-06-07 23:56:21 status unpacked zlib1g:amd64 1:1.2.13.dfsg-1
2025-06-07 23:56:21 status half-configured zlib1g:amd64 1:1.2.13.dfsg-1
2025-06-07 23:56:21 status installed zlib1g:amd64 1:1.2.13.dfsg-1
2025-06-07 23:56:21 configure libcrypt1:amd64 1:4.4.33-2 <none>
2025-06-07 23:56:21 status unpacked libcrypt1:amd64 1:4.4.33-2
2025-06-07 23:56:21 status half-configured libcrypt1:amd64 1:4.4.33-2
2025-06-07 23:56:21 status installed libcrypt1:amd64 1:4.4.33-2
2025-06-07 23:56:21 configure libidn2-0:amd64 2.3.3-1+b1 <none>
2025-06-07 23:56:21 status unpacked libidn2-0:amd64 2.3.3-1+b1
2025-06-07 23:56:21 status half-configured libidn2-0:amd64 2.3.3-1+b1
2025-06-07 23:56:21 status installed libidn2-0:amd64 2.3.3-1+b1
2025-06-07 23:56:21 configure libcom-err2:amd64 1.47.0-2 <none>
2025-06-07 23:56:21 status unpacked libcom-err2:amd64 1.47.0-2
2025-06-07 23:56:21 status half-configured libcom-err2:amd64 1.47.0-2
2025-06-07 23:56:21 status installed libcom-err2:amd64 1.47.0-2
2025-06-07 23:56:21 configure diffutils:amd64 1:3.8-4 <none>
2025-06-07 23:56:21 status unpacked diffutils:amd64 1:3.8-4
2025-06-07 23:56:21 status half-configured diffutils:amd64 1:3.8-4
2025-06-07 23:56:21 status installed diffutils:amd64 1:3.8-4
2025-06-07 23:56:21 configure libseccomp2:amd64 2.5.4-1+deb12u1 <none>
2025-06-07 23:56:21 status unpacked libseccomp2:amd64 2.5.4-1+deb12u1
2025-06-07 23:56:21 status half-configured libseccomp2:amd64 2.5.4-1+deb12u1
2025-06-07 23:56:21 status installed libseccomp2:amd64 2.5.4-1+deb12u1
2025-06-07 23:56:21 configure libcap2:amd64 1:2.66-4+deb12u1 <none>
2025-06-07 23:56:21 status unpacked libcap2:amd64 1:2.66-4+deb12u1
2025-06-07 23:56:21 status half-configured libcap2:amd64 1:2.66-4+deb12u1
2025-06-07 23:56:21 status installed libcap2:amd64 1:2.66-4+deb12u1
2025-06-07 23:56:21 configure hostname:amd64 3.23+nmu1 <none>
2025-06-07 23:56:21 status unpacked hostname:amd64 3.23+nmu1
2025-06-07 23:56:21 status half-configured hostname:amd64 3.23+nmu1
2025-06-07 23:56:21 status installed hostname:amd64 3.23+nmu1
2025-06-07 23:56:21 configure libcap-ng0:amd64 0.8.3-1+b3 <none>
2025-06-07 23:56:21 status unpacked libcap-ng0:amd64 0.8.3-1+b3
2025-06-07 23:56:21 status half-configured libcap-ng0:amd64 0.8.3-1+b3
2025-06-07 23:56:21 status installed libcap-ng0:amd64 0.8.3-1+b3
2025-06-07 23:56:21 configure libext2fs2:amd64 1.47.0-2 <none>
2025-06-07 23:56:21 status unpacked libext2fs2:amd64 1.47.0-2
2025-06-07 23:56:21 status half-configured libext2fs2:amd64 1.47.0-2
2025-06-07 23:56:21 status installed libext2fs2:amd64 1.47.0-2
2025-06-07 23:56:21 configure libnettle8:amd64 3.8.1-2 <none>
2025-06-07 23:56:21 status unpacked libnettle8:amd64 3.8.1-2
2025-06-07 23:56:21 status half-configured libnettle8:amd64 3.8.1-2
2025-06-07 23:56:21 status installed libnettle8:amd64 3.8.1-2
2025-06-07 23:56:21 configure libgmp10:amd64 2:6.2.1+dfsg1-1.1 <none>
2025-06-07 23:56:21 status unpacked libgmp10:amd64 2:6.2.1+dfsg1-1.1
2025-06-07 23:56:21 status half-configured libgmp10:amd64 2:6.2.1+dfsg1-1.1
2025-06-07 23:56:21 status installed libgmp10:amd64 2:6.2.1+dfsg1-1.1
2025-06-07 23:56:21 configure libp11-kit0:amd64 0.24.1-2 <none>
2025-06-07 23:56:21 status unpacked libp11-kit0:amd64 0.24.1-2
2025-06-07 23:56:21 status half-configured libp11-kit0:amd64 0.24.1-2
2025-06-07 23:56:21 status installed libp11-kit0:amd64 0.24.1-2
2025-06-07 23:56:21 configure libaudit1:amd64 1:3.0.9-1 <none>
2025-06-07 23:56:21 status unpacked libaudit1:amd64 1:3.0.9-1
2025-06-07 23:56:21 status half-configured libaudit1:amd64 1:3.0.9-1
2025-06-07 23:56:21 status installed libaudit1:amd64 1:3.0.9-1
2025-06-07 23:56:21 configure libuuid1:amd64 2.38.1-5+deb12u3 <none>
2025-06-07 23:56:21 status unpacked libuuid1:amd64 2.38.1-5+deb12u3
2025-06-07 23:56:21 status half-configured libuuid1:amd64 2.38.1-5+deb12u3
2025-06-07 23:56:21 status installed libuuid1:amd64 2.38.1-5+deb12u3
2025-06-07 23:56:21 configure libss2:amd64 1.47.0-2 <none>
2025-06-07 23:56:21 status unpacked libss2:amd64 1.47.0-2
2025-06-07 23:56:21 status half-configured libss2:amd64 1.47.0-2
2025-06-07 23:56:21 status installed libss2:amd64 1.47.0-2
2025-06-07 23:56:21 configure libsepol2:amd64 3.4-2.1 <none>
2025-06-07 23:56:21 status unpacked libsepol2:amd64 3.4-2.1
2025-06-07 23:56:21 status half-configured libsepol2:amd64 3.4-2.1
2025-06-07 23:56:21 status installed libsepol2:amd64 3.4-2.1
2025-06-07 23:56:21 configure libpcre2-8-0:amd64 10.42-1 <none>
2025-06-07 23:56:21 status unpacked libpcre2-8-0:amd64 10.42-1
2025-06-07 23:56:21 status half-configured libpcre2-8-0:amd64 10.42-1
2025-06-07 23:56:21 status installed libpcre2-8-0:amd64 10.42-1
2025-06-07 23:56:21 configure logsave:amd64 1.47.0-2 <none>
2025-06-07 23:56:21 status unpacked logsave:amd64 1.47.0-2
2025-06-07 23:56:21 status half-configured logsave:amd64 1.47.0-2
2025-06-07 23:56:21 status installed logsave:amd64 1.47.0-2
2025-06-07 23:56:21 configure gpgv:amd64 2.2.40-1.1 <none>
2025-06-07 23:56:21 status unpacked gpgv:amd64 2.2.40-1.1
2025-06-07 23:56:21 status half-configured gpgv:amd64 2.2.40-1.1
2025-06-07 23:56:21 status installed gpgv:amd64 2.2.40-1.1
2025-06-07 23:56:21 configure util-linux-extra:amd64 2.38.1-5+deb12u3 <none>
2025-06-07 23:56:21 status unpacked util-linux-extra:amd64 2.38.1-5+deb12u3
2025-06-07 23:56:21 status half-configured util-linux-extra:amd64 2.38.1-5+deb12u3
2025-06-07 23:56:21 status installed util-linux-extra:amd64 2.38.1-5+deb12u3
2025-06-07 23:56:21 configure libhogweed6:amd64 3.8.1-2 <none>
2025-06-07 23:56:21 status unpacked libhogweed6:amd64 3.8.1-2
2025-06-07 23:56:21 status half-configured libhogweed6:amd64 3.8.1-2
2025-06-07 23:56:21 status installed libhogweed6:amd64 3.8.1-2
2025-06-07 23:56:22 configure e2fsprogs:amd64 1.47.0-2 <none>
2025-06-07 23:56:22 status unpacked e2fsprogs:amd64 1.47.0-2
2025-06-07 23:56:22 status half-configured e2fsprogs:amd64 1.47.0-2
2025-06-07 23:56:22 status installed e2fsprogs:amd64 1.47.0-2
2025-06-07 23:56:22 configure libsystemd0:amd64 252.36-1~deb12u1 <none>
2025-06-07 23:56:22 status unpacked libsystemd0:amd64 252.36-1~deb12u1
2025-06-07 23:56:22 status half-configured libsystemd0:amd64 252.36-1~deb12u1
2025-06-07 23:56:22 status installed libsystemd0:amd64 252.36-1~deb12u1
2025-06-07 23:56:22 configure libselinux1:amd64 3.4-1+b6 <none>
2025-06-07 23:56:22 status unpacked libselinux1:amd64 3.4-1+b6
2025-06-07 23:56:22 status half-configured libselinux1:amd64 3.4-1+b6
2025-06-07 23:56:22 status installed libselinux1:amd64 3.4-1+b6
2025-06-07 23:56:22 configure libgnutls30:amd64 3.7.9-2+deb12u4 <none>
2025-06-07 23:56:22 status unpacked libgnutls30:amd64 3.7.9-2+deb12u4
2025-06-07 23:56:22 status half-configured libgnutls30:amd64 3.7.9-2+deb12u4
2025-06-07 23:56:22 status installed libgnutls30:amd64 3.7.9-2+deb12u4
2025-06-07 23:56:22 configure libpam0g:amd64 1.5.2-6+deb12u1 <none>
2025-06-07 23:56:22 status unpacked libpam0g:amd64 1.5.2-6+deb12u1
2025-06-07 23:56:22 status half-configured libpam0g:amd64 1.5.2-6+deb12u1
2025-06-07 23:56:22 status installed libpam0g:amd64 1.5.2-6+deb12u1
2025-06-07 23:56:22 configure libapt-pkg6.0:amd64 2.6.1 <none>
2025-06-07 23:56:22 status unpacked libapt-pkg6.0:amd64 2.6.1
2025-06-07 23:56:22 status half-configured libapt-pkg6.0:amd64 2.6.1
2025-06-07 23:56:22 status installed libapt-pkg6.0:amd64 2.6.1
2025-06-07 23:56:22 configure sed:amd64 4.9-1 <none>
2025-06-07 23:56:22 status unpacked sed:amd64 4.9-1
2025-06-07 23:56:22 status half-configured sed:amd64 4.9-1
2025-06-07 23:56:22 status installed sed:amd64 4.9-1
2025-06-07 23:56:22 configure findutils:amd64 4.9.0-4 <none>
2025-06-07 23:56:22 status unpacked findutils:amd64 4.9.0-4
2025-06-07 23:56:22 status half-configured findutils:amd64 4.9.0-4
2025-06-07 23:56:22 status installed findutils:amd64 4.9.0-4
2025-06-07 23:56:22 configure libmount1:amd64 2.38.1-5+deb12u3 <none>
2025-06-07 23:56:22 status unpacked libmount1:amd64 2.38.1-5+deb12u3
2025-06-07 23:56:22 status half-configured libmount1:amd64 2.38.1-5+deb12u3
2025-06-07 23:56:22 status installed libmount1:amd64 2.38.1-5+deb12u3
2025-06-07 23:56:22 configure libsemanage2:amd64 3.4-1+b5 <none>
2025-06-07 23:56:22 status unpacked libsemanage2:amd64 3.4-1+b5
2025-06-07 23:56:22 status half-configured libsemanage2:amd64 3.4-1+b5
2025-06-07 23:56:22 status installed libsemanage2:amd64 3.4-1+b5
2025-06-07 23:56:22 configure base-passwd:amd64 3.6.1 <none>
2025-06-07 23:56:22 status unpacked base-passwd:amd64 3.6.1
2025-06-07 23:56:22 status half-configured base-passwd:amd64 3.6.1
2025-06-07 23:56:22 status installed base-passwd:amd64 3.6.1
2025-06-07 23:56:22 configure bsdutils:amd64 1:2.38.1-5+deb12u3 <none>
2025-06-07 23:56:22 status unpacked bsdutils:amd64 1:2.38.1-5+deb12u3
2025-06-07 23:56:22 status half-configured bsdutils:amd64 1:2.38.1-5+deb12u3
2025-06-07 23:56:22 status installed bsdutils:amd64 1:2.38.1-5+deb12u3
2025-06-07 23:56:22 configure tar:amd64 1.34+dfsg-1.2+deb12u1 <none>
2025-06-07 23:56:22 status unpacked tar:amd64 1.34+dfsg-1.2+deb12u1
2025-06-07 23:56:22 status half-configured tar:amd64 1.34+dfsg-1.2+deb12u1
2025-06-07 23:56:22 status installed tar:amd64 1.34+dfsg-1.2+deb12u1
2025-06-07 23:56:22 configure libpam-modules-bin:amd64 1.5.2-6+deb12u1 <none>
2025-06-07 23:56:22 status unpacked libpam-modules-bin:amd64 1.5.2-6+deb12u1
2025-06-07 23:56:22 status half-configured libpam-modules-bin:amd64 1.5.2-6+deb12u1
2025-06-07 23:56:22 status installed libpam-modules-bin:amd64 1.5.2-6+deb12u1
2025-06-07 23:56:22 configure coreutils:amd64 9.1-1 <none>
2025-06-07 23:56:22 status unpacked coreutils:amd64 9.1-1
2025-06-07 23:56:22 status half-configured coreutils:amd64 9.1-1
2025-06-07 23:56:22 status installed coreutils:amd64 9.1-1
2025-06-07 23:56:22 configure util-linux:amd64 2.38.1-5+deb12u3 <none>
2025-06-07 23:56:22 status unpacked util-linux:amd64 2.38.1-5+deb12u3
2025-06-07 23:56:22 status half-configured util-linux:amd64 2.38.1-5+deb12u3
2025-06-07 23:56:22 status installed util-linux:amd64 2.38.1-5+deb12u3
2025-06-07 23:56:22 configure dpkg:amd64 1.21.22 <none>
2025-06-07 23:56:22 status unpacked dpkg:amd64 1.21.22
2025-06-07 23:56:22 status half-configured dpkg:amd64 1.21.22
2025-06-07 23:56:23 status installed dpkg:amd64 1.21.22
2025-06-07 23:56:23 configure mount:amd64 2.38.1-5+deb12u3 <none>
2025-06-07 23:56:23 status unpacked mount:amd64 2.38.1-5+deb12u3
2025-06-07 23:56:23 status half-configured mount:amd64 2.38.1-5+deb12u3
2025-06-07 23:56:23 status installed mount:amd64 2.38.1-5+deb12u3
2025-06-07 23:56:23 configure dash:amd64 0.5.12-2 <none>
2025-06-07 23:56:23 status unpacked dash:amd64 0.5.12-2
2025-06-07 23:56:23 status half-configured dash:amd64 0.5.12-2
2025-06-07 23:56:23 status installed dash:amd64 0.5.12-2
2025-06-07 23:56:23 configure libpam-modules:amd64 1.5.2-6+deb12u1 <none>
2025-06-07 23:56:23 status unpacked libpam-modules:amd64 1.5.2-6+deb12u1
2025-06-07 23:56:23 status half-configured libpam-modules:amd64 1.5.2-6+deb12u1
2025-06-07 23:56:23 status installed libpam-modules:amd64 1.5.2-6+deb12u1
2025-06-07 23:56:23 configure grep:amd64 3.8-5 <none>
2025-06-07 23:56:23 status unpacked grep:amd64 3.8-5
2025-06-07 23:56:23 status half-configured grep:amd64 3.8-5
2025-06-07 23:56:23 status installed grep:amd64 3.8-5
2025-06-07 23:56:23 configure perl-base:amd64 5.36.0-7+deb12u2 <none>
2025-06-07 23:56:23 status unpacked perl-base:amd64 5.36.0-7+deb12u2
2025-06-07 23:56:23 status half-configured perl-base:amd64 5.36.0-7+deb12u2
2025-06-07 23:56:23 status installed perl-base:amd64 5.36.0-7+deb12u2
2025-06-07 23:56:23 configure gzip:amd64 1.12-1 <none>
2025-06-07 23:56:23 status unpacked gzip:amd64 1.12-1
2025-06-07 23:56:23 status half-configured gzip:amd64 1.12-1
2025-06-07 23:56:23 status installed gzip:amd64 1.12-1
2025-06-07 23:56:23 configure passwd:amd64 1:4.13+dfsg1-1+deb12u1 <none>
2025-06-07 23:56:23 status unpacked passwd:amd64 1:4.13+dfsg1-1+deb12u1
2025-06-07 23:56:23 status half-configured passwd:amd64 1:4.13+dfsg1-1+deb12u1
2025-06-07 23:56:23 status installed passwd:amd64 1:4.13+dfsg1-1+deb12u1
2025-06-07 23:56:23 configure libpam-runtime:all 1.5.2-6+deb12u1 <none>
2025-06-07 23:56:23 status unpacked libpam-runtime:all 1.5.2-6+deb12u1
2025-06-07 23:56:23 status half-configured libpam-runtime:all 1.5.2-6+deb12u1
2025-06-07 23:56:23 status installed libpam-runtime:all 1.5.2-6+deb12u1
2025-06-07 23:56:23 configure login:amd64 1:4.13+dfsg1-1+deb12u1 <none>
2025-06-07 23:56:23 status unpacked login:amd64 1:4.13+dfsg1-1+deb12u1
2025-06-07 23:56:23 status half-configured login:amd64 1:4.13+dfsg1-1+deb12u1
2025-06-07 23:56:23 status installed login:amd64 1:4.13+dfsg1-1+deb12u1
2025-06-07 23:56:23 configure adduser:all 3.134 <none>
2025-06-07 23:56:23 status unpacked adduser:all 3.134
2025-06-07 23:56:23 status half-configured adduser:all 3.134
2025-06-07 23:56:23 status installed adduser:all 3.134
2025-06-07 23:56:23 configure apt:amd64 2.6.1 <none>
2025-06-07 23:56:23 status unpacked apt:amd64 2.6.1
2025-06-07 23:56:23 status half-configured apt:amd64 2.6.1
2025-06-07 23:56:23 status installed apt:amd64 2.6.1
2025-06-07 23:56:23 trigproc libc-bin:amd64 2.36-9+deb12u10 <none>
2025-06-07 23:56:23 status half-configured libc-bin:amd64 2.36-9+deb12u10
2025-06-07 23:56:24 status installed libc-bin:amd64 2.36-9+deb12u10
2025-06-07 23:56:27 startup archives install
2025-06-07 23:56:27 install libssl3:amd64 <none> 3.0.16-1~deb12u1
2025-06-07 23:56:27 status triggers-pending libc-bin:amd64 2.36-9+deb12u10
2025-06-07 23:56:27 status half-installed libssl3:amd64 3.0.16-1~deb12u1
2025-06-07 23:56:27 status unpacked libssl3:amd64 3.0.16-1~deb12u1
2025-06-07 23:56:27 configure libssl3:amd64 3.0.16-1~deb12u1 3.0.16-1~deb12u1
2025-06-07 23:56:27 status half-configured libssl3:amd64 3.0.16-1~deb12u1
2025-06-07 23:56:27 status installed libssl3:amd64 3.0.16-1~deb12u1
2025-06-07 23:56:27 trigproc libc-bin:amd64 2.36-9+deb12u10 <none>
2025-06-07 23:56:27 status half-configured libc-bin:amd64 2.36-9+deb12u10
2025-06-07 23:56:27 status installed libc-bin:amd64 2.36-9+deb12u10
2025-06-07 23:56:32 startup archives install
2025-06-07 23:56:32 install dmsetup:amd64 <none> 2:1.02.185-2
2025-06-07 23:56:32 status half-installed dmsetup:amd64 2:1.02.185-2
2025-06-07 23:56:32 status unpacked dmsetup:amd64 2:1.02.185-2
2025-06-07 23:56:32 install libapparmor1:amd64 <none> 3.0.8-3
2025-06-07 23:56:32 status triggers-pending libc-bin:amd64 2.36-9+deb12u10
2025-06-07 23:56:32 status half-installed libapparmor1:amd64 3.0.8-3
2025-06-07 23:56:32 status unpacked libapparmor1:amd64 3.0.8-3
2025-06-07 23:56:32 install libargon2-1:amd64 <none> 0~20171227-0.3+deb12u1
2025-06-07 23:56:32 status half-installed libargon2-1:amd64 0~20171227-0.3+deb12u1
2025-06-07 23:56:32 status unpacked libargon2-1:amd64 0~20171227-0.3+deb12u1
2025-06-07 23:56:32 install libcryptsetup12:amd64 <none> 2:2.6.1-4~deb12u2
2025-06-07 23:56:32 status half-installed libcryptsetup12:amd64 2:2.6.1-4~deb12u2
2025-06-07 23:56:32 status unpacked libcryptsetup12:amd64 2:2.6.1-4~deb12u2
2025-06-07 23:56:32 install libdevmapper1.02.1:amd64 <none> 2:1.02.185-2
2025-06-07 23:56:32 status half-installed libdevmapper1.02.1:amd64 2:1.02.185-2
2025-06-07 23:56:32 status unpacked libdevmapper1.02.1:amd64 2:1.02.185-2
2025-06-07 23:56:32 install libfdisk1:amd64 <none> 2.38.1-5+deb12u3
2025-06-07 23:56:32 status half-installed libfdisk1:amd64 2.38.1-5+deb12u3
2025-06-07 23:56:32 status unpacked libfdisk1:amd64 2.38.1-5+deb12u3
2025-06-07 23:56:32 install libip4tc2:amd64 <none> 1.8.9-2
2025-06-07 23:56:32 status half-installed libip4tc2:amd64 1.8.9-2
2025-06-07 23:56:32 status unpacked libip4tc2:amd64 1.8.9-2
2025-06-07 23:56:32 install libjson-c5:amd64 <none> 0.16-2
2025-06-07 23:56:32 status half-installed libjson-c5:amd64 0.16-2
2025-06-07 23:56:32 status unpacked libjson-c5:amd64 0.16-2
2025-06-07 23:56:32 install libkmod2:amd64 <none> 30+20221128-1
2025-06-07 23:56:32 status half-installed libkmod2:amd64 30+20221128-1
2025-06-07 23:56:32 status unpacked libkmod2:amd64 30+20221128-1
2025-06-07 23:56:32 install libsystemd-shared:amd64 <none> 252.36-1~deb12u1
2025-06-07 23:56:32 status half-installed libsystemd-shared:amd64 252.36-1~deb12u1
2025-06-07 23:56:32 status unpacked libsystemd-shared:amd64 252.36-1~deb12u1
2025-06-07 23:56:33 install systemd:amd64 <none> 252.36-1~deb12u1
2025-06-07 23:56:33 status half-installed systemd:amd64 252.36-1~deb12u1
2025-06-07 23:56:33 status unpacked systemd:amd64 252.36-1~deb12u1
2025-06-07 23:56:33 configure libapparmor1:amd64 3.0.8-3 3.0.8-3
2025-06-07 23:56:33 status half-configured libapparmor1:amd64 3.0.8-3
2025-06-07 23:56:33 status installed libapparmor1:amd64 3.0.8-3
2025-06-07 23:56:33 configure libargon2-1:amd64 0~20171227-0.3+deb12u1 0~20171227-0.3+deb12u1
2025-06-07 23:56:33 status half-configured libargon2-1:amd64 0~20171227-0.3+deb12u1
2025-06-07 23:56:33 status installed libargon2-1:amd64 0~20171227-0.3+deb12u1
2025-06-07 23:56:33 configure libfdisk1:amd64 2.38.1-5+deb12u3 2.38.1-5+deb12u3
2025-06-07 23:56:33 status half-configured libfdisk1:amd64 2.38.1-5+deb12u3
2025-06-07 23:56:33 status installed libfdisk1:amd64 2.38.1-5+deb12u3
2025-06-07 23:56:33 configure libip4tc2:amd64 1.8.9-2 1.8.9-2
2025-06-07 23:56:33 status half-configured libip4tc2:amd64 1.8.9-2
2025-06-07 23:56:33 status installed libip4tc2:amd64 1.8.9-2
2025-06-07 23:56:33 configure libjson-c5:amd64 0.16-2 0.16-2
2025-06-07 23:56:33 status half-configured libjson-c5:amd64 0.16-2
2025-06-07 23:56:33 status installed libjson-c5:amd64 0.16-2
2025-06-07 23:56:33 configure libkmod2:amd64 30+20221128-1 30+20221128-1
2025-06-07 23:56:33 status half-configured libkmod2:amd64 30+20221128-1
2025-06-07 23:56:33 status installed libkmod2:amd64 30+20221128-1
2025-06-07 23:56:33 configure libsystemd-shared:amd64 252.36-1~deb12u1 252.36-1~deb12u1
2025-06-07 23:56:33 status half-configured libsystemd-shared:amd64 252.36-1~deb12u1
2025-06-07 23:56:33 status installed libsystemd-shared:amd64 252.36-1~deb12u1
2025-06-07 23:56:33 configure libdevmapper1.02.1:amd64 2:1.02.185-2 2:1.02.185-2
2025-06-07 23:56:33 status half-configured libdevmapper1.02.1:amd64 2:1.02.185-2
2025-06-07 23:56:33 status installed libdevmapper1.02.1:amd64 2:1.02.185-2
2025-06-07 23:56:33 configure dmsetup:amd64 2:1.02.185-2 2:1.02.185-2
2025-06-07 23:56:33 status half-configured dmsetup:amd64 2:1.02.185-2
2025-06-07 23:56:33 status installed dmsetup:amd64 2:1.02.185-2
2025-06-07 23:56:33 configure libcryptsetup12:amd64 2:2.6.1-4~deb12u2 2:2.6.1-4~deb12u2
2025-06-07 23:56:33 status half-configured libcryptsetup12:amd64 2:2.6.1-4~deb12u2
2025-06-07 23:56:33 status installed libcryptsetup12:amd64 2:2.6.1-4~deb12u2
2025-06-07 23:56:33 configure systemd:amd64 252.36-1~deb12u1 252.36-1~deb12u1
2025-06-07 23:56:33 status half-configured systemd:amd64 252.36-1~deb12u1
2025-06-07 23:56:34 status installed systemd:amd64 252.36-1~deb12u1
2025-06-07 23:56:34 trigproc libc-bin:amd64 2.36-9+deb12u10 <none>
2025-06-07 23:56:34 status half-configured libc-bin:amd64 2.36-9+deb12u10
2025-06-07 23:56:34 status installed libc-bin:amd64 2.36-9+deb12u10
2025-06-07 23:56:39 startup archives install
2025-06-07 23:56:39 install systemd-sysv:amd64 <none> 252.36-1~deb12u1
2025-06-07 23:56:39 status half-installed systemd-sysv:amd64 252.36-1~deb12u1
2025-06-07 23:56:39 status unpacked systemd-sysv:amd64 252.36-1~deb12u1
2025-06-07 23:56:39 configure systemd-sysv:amd64 252.36-1~deb12u1 252.36-1~deb12u1
2025-06-07 23:56:39 status half-configured systemd-sysv:amd64 252.36-1~deb12u1
2025-06-07 23:56:39 status installed systemd-sysv:amd64 252.36-1~deb12u1
2025-06-07 23:56:45 startup archives install
2025-06-07 23:56:45 install cron-daemon-common:all <none> 3.0pl1-162
2025-06-07 23:56:45 status half-installed cron-daemon-common:all 3.0pl1-162
2025-06-07 23:56:45 status unpacked cron-daemon-common:all 3.0pl1-162
2025-06-07 23:56:45 configure cron-daemon-common:all 3.0pl1-162 3.0pl1-162
2025-06-07 23:56:46 status half-configured cron-daemon-common:all 3.0pl1-162
2025-06-07 23:56:46 status installed cron-daemon-common:all 3.0pl1-162
2025-06-07 23:56:46 startup archives unpack
2025-06-07 23:56:46 install apt-utils:amd64 <none> 2.6.1
2025-06-07 23:56:46 status half-installed apt-utils:amd64 2.6.1
2025-06-07 23:56:46 status unpacked apt-utils:amd64 2.6.1
2025-06-07 23:56:46 install cpio:amd64 <none> 2.13+dfsg-7.1
2025-06-07 23:56:46 status half-installed cpio:amd64 2.13+dfsg-7.1
2025-06-07 23:56:46 status unpacked cpio:amd64 2.13+dfsg-7.1
2025-06-07 23:56:46 install cron:amd64 <none> 3.0pl1-162
2025-06-07 23:56:46 status half-installed cron:amd64 3.0pl1-162
2025-06-07 23:56:46 status unpacked cron:amd64 3.0pl1-162
2025-06-07 23:56:46 install debconf-i18n:all <none> 1.5.82
2025-06-07 23:56:46 status half-installed debconf-i18n:all 1.5.82
2025-06-07 23:56:46 status unpacked debconf-i18n:all 1.5.82
2025-06-07 23:56:46 install dmidecode:amd64 <none> 3.4-1
2025-06-07 23:56:46 status half-installed dmidecode:amd64 3.4-1
2025-06-07 23:56:46 status unpacked dmidecode:amd64 3.4-1
2025-06-07 23:56:46 install fdisk:amd64 <none> 2.38.1-5+deb12u3
2025-06-07 23:56:46 status half-installed fdisk:amd64 2.38.1-5+deb12u3
2025-06-07 23:56:46 status unpacked fdisk:amd64 2.38.1-5+deb12u3
2025-06-07 23:56:46 install ifupdown:amd64 <none> 0.8.41
2025-06-07 23:56:46 status half-installed ifupdown:amd64 0.8.41
2025-06-07 23:56:46 status unpacked ifupdown:amd64 0.8.41
2025-06-07 23:56:46 install init:amd64 <none> 1.65.2
2025-06-07 23:56:46 status half-installed init:amd64 1.65.2
2025-06-07 23:56:46 status unpacked init:amd64 1.65.2
2025-06-07 23:56:46 install iproute2:amd64 <none> 6.1.0-3
2025-06-07 23:56:46 status half-installed iproute2:amd64 6.1.0-3
2025-06-07 23:56:47 status unpacked iproute2:amd64 6.1.0-3
2025-06-07 23:56:47 install iputils-ping:amd64 <none> 3:20221126-1+deb12u1
2025-06-07 23:56:47 status half-installed iputils-ping:amd64 3:20221126-1+deb12u1
2025-06-07 23:56:47 status unpacked iputils-ping:amd64 3:20221126-1+deb12u1
2025-06-07 23:56:47 install isc-dhcp-client:amd64 <none> 4.4.3-P1-2
2025-06-07 23:56:47 status half-installed isc-dhcp-client:amd64 4.4.3-P1-2
2025-06-07 23:56:47 status unpacked isc-dhcp-client:amd64 4.4.3-P1-2
2025-06-07 23:56:47 install isc-dhcp-common:amd64 <none> 4.4.3-P1-2
2025-06-07 23:56:47 status half-installed isc-dhcp-common:amd64 4.4.3-P1-2
2025-06-07 23:56:47 status unpacked isc-dhcp-common:amd64 4.4.3-P1-2
2025-06-07 23:56:47 install kmod:amd64 <none> 30+20221128-1
2025-06-07 23:56:47 status half-installed kmod:amd64 30+20221128-1
2025-06-07 23:56:47 status unpacked kmod:amd64 30+20221128-1
2025-06-07 23:56:47 install less:amd64 <none> 590-2.1~deb12u2
2025-06-07 23:56:47 status half-installed less:amd64 590-2.1~deb12u2
2025-06-07 23:56:47 status unpacked less:amd64 590-2.1~deb12u2
2025-06-07 23:56:47 install libbpf1:amd64 <none> 1:1.1.0-1
2025-06-07 23:56:47 status triggers-pending libc-bin:amd64 2.36-9+deb12u10
2025-06-07 23:56:47 status half-installed libbpf1:amd64 1:1.1.0-1
2025-06-07 23:56:47 status unpacked libbpf1:amd64 1:1.1.0-1
2025-06-07 23:56:47 install libbsd0:amd64 <none> 0.11.7-2
2025-06-07 23:56:47 status half-installed libbsd0:amd64 0.11.7-2
2025-06-07 23:56:47 status unpacked libbsd0:amd64 0.11.7-2
2025-06-07 23:56:47 install libcap2-bin:amd64 <none> 1:2.66-4+deb12u1
2025-06-07 23:56:47 status half-installed libcap2-bin:amd64 1:2.66-4+deb12u1
2025-06-07 23:56:47 status unpacked libcap2-bin:amd64 1:2.66-4+deb12u1
2025-06-07 23:56:47 install libedit2:amd64 <none> 3.1-20221030-2
2025-06-07 23:56:47 status half-installed libedit2:amd64 3.1-20221030-2
2025-06-07 23:56:47 status unpacked libedit2:amd64 3.1-20221030-2
2025-06-07 23:56:47 install libelf1:amd64 <none> 0.188-2.1
2025-06-07 23:56:47 status half-installed libelf1:amd64 0.188-2.1
2025-06-07 23:56:47 status unpacked libelf1:amd64 0.188-2.1
2025-06-07 23:56:47 install libgssapi-krb5-2:amd64 <none> 1.20.1-2+deb12u3
2025-06-07 23:56:47 status half-installed libgssapi-krb5-2:amd64 1.20.1-2+deb12u3
2025-06-07 23:56:47 status unpacked libgssapi-krb5-2:amd64 1.20.1-2+deb12u3
2025-06-07 23:56:47 install libjansson4:amd64 <none> 2.14-2
2025-06-07 23:56:47 status half-installed libjansson4:amd64 2.14-2
2025-06-07 23:56:48 status unpacked libjansson4:amd64 2.14-2
2025-06-07 23:56:48 install libk5crypto3:amd64 <none> 1.20.1-2+deb12u3
2025-06-07 23:56:48 status half-installed libk5crypto3:amd64 1.20.1-2+deb12u3
2025-06-07 23:56:48 status unpacked libk5crypto3:amd64 1.20.1-2+deb12u3
2025-06-07 23:56:48 install libkeyutils1:amd64 <none> 1.6.3-2
2025-06-07 23:56:48 status half-installed libkeyutils1:amd64 1.6.3-2
2025-06-07 23:56:48 status unpacked libkeyutils1:amd64 1.6.3-2
2025-06-07 23:56:48 install libkrb5-3:amd64 <none> 1.20.1-2+deb12u3
2025-06-07 23:56:48 status half-installed libkrb5-3:amd64 1.20.1-2+deb12u3
2025-06-07 23:56:48 status unpacked libkrb5-3:amd64 1.20.1-2+deb12u3
2025-06-07 23:56:48 install libkrb5support0:amd64 <none> 1.20.1-2+deb12u3
2025-06-07 23:56:48 status half-installed libkrb5support0:amd64 1.20.1-2+deb12u3
2025-06-07 23:56:48 status unpacked libkrb5support0:amd64 1.20.1-2+deb12u3
2025-06-07 23:56:48 install liblocale-gettext-perl:amd64 <none> 1.07-5
2025-06-07 23:56:48 status half-installed liblocale-gettext-perl:amd64 1.07-5
2025-06-07 23:56:48 status unpacked liblocale-gettext-perl:amd64 1.07-5
2025-06-07 23:56:48 install libmnl0:amd64 <none> 1.0.4-3
2025-06-07 23:56:48 status half-installed libmnl0:amd64 1.0.4-3
2025-06-07 23:56:48 status unpacked libmnl0:amd64 1.0.4-3
2025-06-07 23:56:48 install libncursesw6:amd64 <none> 6.4-4
2025-06-07 23:56:48 status half-installed libncursesw6:amd64 6.4-4
2025-06-07 23:56:48 status unpacked libncursesw6:amd64 6.4-4
2025-06-07 23:56:48 install libnewt0.52:amd64 <none> 0.52.23-1+b1
2025-06-07 23:56:48 status half-installed libnewt0.52:amd64 0.52.23-1+b1
2025-06-07 23:56:48 status unpacked libnewt0.52:amd64 0.52.23-1+b1
2025-06-07 23:56:48 install libnftables1:amd64 <none> 1.0.6-2+deb12u2
2025-06-07 23:56:48 status half-installed libnftables1:amd64 1.0.6-2+deb12u2
2025-06-07 23:56:48 status unpacked libnftables1:amd64 1.0.6-2+deb12u2
2025-06-07 23:56:48 install libnftnl11:amd64 <none> 1.2.4-2
2025-06-07 23:56:48 status half-installed libnftnl11:amd64 1.2.4-2
2025-06-07 23:56:48 status unpacked libnftnl11:amd64 1.2.4-2
2025-06-07 23:56:48 install libpopt0:amd64 <none> 1.19+dfsg-1
2025-06-07 23:56:48 status half-installed libpopt0:amd64 1.19+dfsg-1
2025-06-07 23:56:48 status unpacked libpopt0:amd64 1.19+dfsg-1
2025-06-07 23:56:48 install libproc2-0:amd64 <none> 2:4.0.2-3
2025-06-07 23:56:48 status half-installed libproc2-0:amd64 2:4.0.2-3
2025-06-07 23:56:48 status unpacked libproc2-0:amd64 2:4.0.2-3
2025-06-07 23:56:48 install libreadline8:amd64 <none> 8.2-1.3
2025-06-07 23:56:48 status half-installed libreadline8:amd64 8.2-1.3
2025-06-07 23:56:49 status unpacked libreadline8:amd64 8.2-1.3
2025-06-07 23:56:49 install libslang2:amd64 <none> 2.3.3-3
2025-06-07 23:56:49 status half-installed libslang2:amd64 2.3.3-3
2025-06-07 23:56:49 status unpacked libslang2:amd64 2.3.3-3
2025-06-07 23:56:49 install libtext-charwidth-perl:amd64 <none> 0.04-11
2025-06-07 23:56:49 status half-installed libtext-charwidth-perl:amd64 0.04-11
2025-06-07 23:56:49 status unpacked libtext-charwidth-perl:amd64 0.04-11
2025-06-07 23:56:49 install libtext-iconv-perl:amd64 <none> 1.7-8
2025-06-07 23:56:49 status half-installed libtext-iconv-perl:amd64 1.7-8
2025-06-07 23:56:49 status unpacked libtext-iconv-perl:amd64 1.7-8
2025-06-07 23:56:49 install libtext-wrapi18n-perl:all <none> 0.06-10
2025-06-07 23:56:49 status half-installed libtext-wrapi18n-perl:all 0.06-10
2025-06-07 23:56:49 status unpacked libtext-wrapi18n-perl:all 0.06-10
2025-06-07 23:56:49 install libtirpc-common:all <none> 1.3.3+ds-1
2025-06-07 23:56:49 status half-installed libtirpc-common:all 1.3.3+ds-1
2025-06-07 23:56:49 status unpacked libtirpc-common:all 1.3.3+ds-1
2025-06-07 23:56:49 install libtirpc3:amd64 <none> 1.3.3+ds-1
2025-06-07 23:56:49 status half-installed libtirpc3:amd64 1.3.3+ds-1
2025-06-07 23:56:49 status unpacked libtirpc3:amd64 1.3.3+ds-1
2025-06-07 23:56:49 install libxtables12:amd64 <none> 1.8.9-2
2025-06-07 23:56:49 status half-installed libxtables12:amd64 1.8.9-2
2025-06-07 23:56:49 status unpacked libxtables12:amd64 1.8.9-2
2025-06-07 23:56:49 install logrotate:amd64 <none> 3.21.0-1
2025-06-07 23:56:49 status half-installed logrotate:amd64 3.21.0-1
2025-06-07 23:56:49 status unpacked logrotate:amd64 3.21.0-1
2025-06-07 23:56:49 install nano:amd64 <none> 7.2-1+deb12u1
2025-06-07 23:56:49 status half-installed nano:amd64 7.2-1+deb12u1
2025-06-07 23:56:49 status unpacked nano:amd64 7.2-1+deb12u1
2025-06-07 23:56:49 install netbase:all <none> 6.4
2025-06-07 23:56:49 status half-installed netbase:all 6.4
2025-06-07 23:56:49 status unpacked netbase:all 6.4
2025-06-07 23:56:49 install nftables:amd64 <none> 1.0.6-2+deb12u2
2025-06-07 23:56:49 status half-installed nftables:amd64 1.0.6-2+deb12u2
2025-06-07 23:56:49 status unpacked nftables:amd64 1.0.6-2+deb12u2
2025-06-07 23:56:49 install procps:amd64 <none> 2:4.0.2-3
2025-06-07 23:56:49 status half-installed procps:amd64 2:4.0.2-3
2025-06-07 23:56:50 status unpacked procps:amd64 2:4.0.2-3
2025-06-07 23:56:50 install readline-common:all <none> 8.2-1.3
2025-06-07 23:56:50 status half-installed readline-common:all 8.2-1.3
2025-06-07 23:56:50 status unpacked readline-common:all 8.2-1.3
2025-06-07 23:56:50 install sensible-utils:all <none> 0.0.17+nmu1
2025-06-07 23:56:50 status half-installed sensible-utils:all 0.0.17+nmu1
2025-06-07 23:56:50 status unpacked sensible-utils:all 0.0.17+nmu1
2025-06-07 23:56:50 install tasksel:all <none> 3.73
2025-06-07 23:56:50 status half-installed tasksel:all 3.73
2025-06-07 23:56:50 status unpacked tasksel:all 3.73
2025-06-07 23:56:50 install tasksel-data:all <none> 3.73
2025-06-07 23:56:50 status half-installed tasksel-data:all 3.73
2025-06-07 23:56:50 status unpacked tasksel-data:all 3.73
2025-06-07 23:56:50 install udev:amd64 <none> 252.36-1~deb12u1
2025-06-07 23:56:50 status half-installed udev:amd64 252.36-1~deb12u1
2025-06-07 23:56:50 status unpacked udev:amd64 252.36-1~deb12u1
2025-06-07 23:56:50 install vim-common:all <none> 2:9.0.1378-2+deb12u2
2025-06-07 23:56:50 status half-installed vim-common:all 2:9.0.1378-2+deb12u2
2025-06-07 23:56:50 status unpacked vim-common:all 2:9.0.1378-2+deb12u2
2025-06-07 23:56:50 install vim-tiny:amd64 <none> 2:9.0.1378-2+deb12u2
2025-06-07 23:56:50 status half-installed vim-tiny:amd64 2:9.0.1378-2+deb12u2
2025-06-07 23:56:50 status unpacked vim-tiny:amd64 2:9.0.1378-2+deb12u2
2025-06-07 23:56:50 install whiptail:amd64 <none> 0.52.23-1+b1
2025-06-07 23:56:50 status half-installed whiptail:amd64 0.52.23-1+b1
2025-06-07 23:56:50 status unpacked whiptail:amd64 0.52.23-1+b1
2025-06-07 23:56:50 trigproc libc-bin:amd64 2.36-9+deb12u10 <none>
2025-06-07 23:56:50 status half-configured libc-bin:amd64 2.36-9+deb12u10
2025-06-07 23:56:51 status installed libc-bin:amd64 2.36-9+deb12u10
2025-06-07 23:56:51 startup packages configure
2025-06-07 23:56:51 configure cpio:amd64 2.13+dfsg-7.1 <none>
2025-06-07 23:56:51 status unpacked cpio:amd64 2.13+dfsg-7.1
2025-06-07 23:56:51 status half-configured cpio:amd64 2.13+dfsg-7.1
2025-06-07 23:56:51 status installed cpio:amd64 2.13+dfsg-7.1
2025-06-07 23:56:51 configure libtext-iconv-perl:amd64 1.7-8 <none>
2025-06-07 23:56:51 status unpacked libtext-iconv-perl:amd64 1.7-8
2025-06-07 23:56:51 status half-configured libtext-iconv-perl:amd64 1.7-8
2025-06-07 23:56:51 status installed libtext-iconv-perl:amd64 1.7-8
2025-06-07 23:56:51 configure libtext-charwidth-perl:amd64 0.04-11 <none>
2025-06-07 23:56:51 status unpacked libtext-charwidth-perl:amd64 0.04-11
2025-06-07 23:56:51 status half-configured libtext-charwidth-perl:amd64 0.04-11
2025-06-07 23:56:51 status installed libtext-charwidth-perl:amd64 0.04-11
2025-06-07 23:56:51 configure libkeyutils1:amd64 1.6.3-2 <none>
2025-06-07 23:56:51 status triggers-pending libc-bin:amd64 2.36-9+deb12u10
2025-06-07 23:56:51 status unpacked libkeyutils1:amd64 1.6.3-2
2025-06-07 23:56:51 status half-configured libkeyutils1:amd64 1.6.3-2
2025-06-07 23:56:51 status installed libkeyutils1:amd64 1.6.3-2
2025-06-07 23:56:51 configure apt-utils:amd64 2.6.1 <none>
2025-06-07 23:56:51 status unpacked apt-utils:amd64 2.6.1
2025-06-07 23:56:51 status half-configured apt-utils:amd64 2.6.1
2025-06-07 23:56:51 status installed apt-utils:amd64 2.6.1
2025-06-07 23:56:51 configure init:amd64 1.65.2 <none>
2025-06-07 23:56:51 status unpacked init:amd64 1.65.2
2025-06-07 23:56:51 status half-configured init:amd64 1.65.2
2025-06-07 23:56:51 status installed init:amd64 1.65.2
2025-06-07 23:56:51 configure libtirpc-common:all 1.3.3+ds-1 <none>
2025-06-07 23:56:51 status unpacked libtirpc-common:all 1.3.3+ds-1
2025-06-07 23:56:51 status half-configured libtirpc-common:all 1.3.3+ds-1
2025-06-07 23:56:51 status installed libtirpc-common:all 1.3.3+ds-1
2025-06-07 23:56:51 configure less:amd64 590-2.1~deb12u2 <none>
2025-06-07 23:56:51 status unpacked less:amd64 590-2.1~deb12u2
2025-06-07 23:56:51 status half-configured less:amd64 590-2.1~deb12u2
2025-06-07 23:56:51 status installed less:amd64 590-2.1~deb12u2
2025-06-07 23:56:51 configure kmod:amd64 30+20221128-1 <none>
2025-06-07 23:56:51 status unpacked kmod:amd64 30+20221128-1
2025-06-07 23:56:51 status half-configured kmod:amd64 30+20221128-1
2025-06-07 23:56:51 status installed kmod:amd64 30+20221128-1
2025-06-07 23:56:51 configure libtext-wrapi18n-perl:all 0.06-10 <none>
2025-06-07 23:56:51 status unpacked libtext-wrapi18n-perl:all 0.06-10
2025-06-07 23:56:51 status half-configured libtext-wrapi18n-perl:all 0.06-10
2025-06-07 23:56:51 status installed libtext-wrapi18n-perl:all 0.06-10
2025-06-07 23:56:51 configure libjansson4:amd64 2.14-2 <none>
2025-06-07 23:56:51 status unpacked libjansson4:amd64 2.14-2
2025-06-07 23:56:51 status half-configured libjansson4:amd64 2.14-2
2025-06-07 23:56:51 status installed libjansson4:amd64 2.14-2
2025-06-07 23:56:51 configure libkrb5support0:amd64 1.20.1-2+deb12u3 <none>
2025-06-07 23:56:51 status unpacked libkrb5support0:amd64 1.20.1-2+deb12u3
2025-06-07 23:56:51 status half-configured libkrb5support0:amd64 1.20.1-2+deb12u3
2025-06-07 23:56:51 status installed libkrb5support0:amd64 1.20.1-2+deb12u3
2025-06-07 23:56:51 configure libcap2-bin:amd64 1:2.66-4+deb12u1 <none>
2025-06-07 23:56:51 status unpacked libcap2-bin:amd64 1:2.66-4+deb12u1
2025-06-07 23:56:51 status half-configured libcap2-bin:amd64 1:2.66-4+deb12u1
2025-06-07 23:56:51 status installed libcap2-bin:amd64 1:2.66-4+deb12u1
2025-06-07 23:56:51 configure vim-common:all 2:9.0.1378-2+deb12u2 <none>
2025-06-07 23:56:51 status unpacked vim-common:all 2:9.0.1378-2+deb12u2
2025-06-07 23:56:51 status half-configured vim-common:all 2:9.0.1378-2+deb12u2
2025-06-07 23:56:51 status installed vim-common:all 2:9.0.1378-2+deb12u2
2025-06-07 23:56:51 configure libslang2:amd64 2.3.3-3 <none>
2025-06-07 23:56:51 status unpacked libslang2:amd64 2.3.3-3
2025-06-07 23:56:51 status half-configured libslang2:amd64 2.3.3-3
2025-06-07 23:56:51 status installed libslang2:amd64 2.3.3-3
2025-06-07 23:56:51 configure libproc2-0:amd64 2:4.0.2-3 <none>
2025-06-07 23:56:51 status unpacked libproc2-0:amd64 2:4.0.2-3
2025-06-07 23:56:51 status half-configured libproc2-0:amd64 2:4.0.2-3
2025-06-07 23:56:51 status installed libproc2-0:amd64 2:4.0.2-3
2025-06-07 23:56:51 configure libmnl0:amd64 1.0.4-3 <none>
2025-06-07 23:56:51 status unpacked libmnl0:amd64 1.0.4-3
2025-06-07 23:56:51 status half-configured libmnl0:amd64 1.0.4-3
2025-06-07 23:56:51 status installed libmnl0:amd64 1.0.4-3
2025-06-07 23:56:51 configure udev:amd64 252.36-1~deb12u1 <none>
2025-06-07 23:56:51 status unpacked udev:amd64 252.36-1~deb12u1
2025-06-07 23:56:51 status half-configured udev:amd64 252.36-1~deb12u1
2025-06-07 23:56:52 status installed udev:amd64 252.36-1~deb12u1
2025-06-07 23:56:52 configure libncursesw6:amd64 6.4-4 <none>
2025-06-07 23:56:52 status unpacked libncursesw6:amd64 6.4-4
2025-06-07 23:56:52 status half-configured libncursesw6:amd64 6.4-4
2025-06-07 23:56:52 status installed libncursesw6:amd64 6.4-4
2025-06-07 23:56:52 configure libk5crypto3:amd64 1.20.1-2+deb12u3 <none>
2025-06-07 23:56:52 status unpacked libk5crypto3:amd64 1.20.1-2+deb12u3
2025-06-07 23:56:52 status half-configured libk5crypto3:amd64 1.20.1-2+deb12u3
2025-06-07 23:56:52 status installed libk5crypto3:amd64 1.20.1-2+deb12u3
2025-06-07 23:56:52 configure libxtables12:amd64 1.8.9-2 <none>
2025-06-07 23:56:52 status unpacked libxtables12:amd64 1.8.9-2
2025-06-07 23:56:52 status half-configured libxtables12:amd64 1.8.9-2
2025-06-07 23:56:52 status installed libxtables12:amd64 1.8.9-2
2025-06-07 23:56:52 configure nano:amd64 7.2-1+deb12u1 <none>
2025-06-07 23:56:52 status unpacked nano:amd64 7.2-1+deb12u1
2025-06-07 23:56:52 status half-configured nano:amd64 7.2-1+deb12u1
2025-06-07 23:56:52 status installed nano:amd64 7.2-1+deb12u1
2025-06-07 23:56:52 configure sensible-utils:all 0.0.17+nmu1 <none>
2025-06-07 23:56:52 status unpacked sensible-utils:all 0.0.17+nmu1
2025-06-07 23:56:52 status half-configured sensible-utils:all 0.0.17+nmu1
2025-06-07 23:56:52 status installed sensible-utils:all 0.0.17+nmu1
2025-06-07 23:56:52 configure procps:amd64 2:4.0.2-3 <none>
2025-06-07 23:56:52 status unpacked procps:amd64 2:4.0.2-3
2025-06-07 23:56:52 status half-configured procps:amd64 2:4.0.2-3
2025-06-07 23:56:52 status installed procps:amd64 2:4.0.2-3
2025-06-07 23:56:52 configure netbase:all 6.4 <none>
2025-06-07 23:56:52 status unpacked netbase:all 6.4
2025-06-07 23:56:52 status half-configured netbase:all 6.4
2025-06-07 23:56:52 status installed netbase:all 6.4
2025-06-07 23:56:52 configure isc-dhcp-common:amd64 4.4.3-P1-2 <none>
2025-06-07 23:56:52 status unpacked isc-dhcp-common:amd64 4.4.3-P1-2
2025-06-07 23:56:52 status half-configured isc-dhcp-common:amd64 4.4.3-P1-2
2025-06-07 23:56:52 status installed isc-dhcp-common:amd64 4.4.3-P1-2
2025-06-07 23:56:52 configure libkrb5-3:amd64 1.20.1-2+deb12u3 <none>
2025-06-07 23:56:52 status unpacked libkrb5-3:amd64 1.20.1-2+deb12u3
2025-06-07 23:56:52 status half-configured libkrb5-3:amd64 1.20.1-2+deb12u3
2025-06-07 23:56:52 status installed libkrb5-3:amd64 1.20.1-2+deb12u3
2025-06-07 23:56:52 configure dmidecode:amd64 3.4-1 <none>
2025-06-07 23:56:52 status unpacked dmidecode:amd64 3.4-1
2025-06-07 23:56:52 status half-configured dmidecode:amd64 3.4-1
2025-06-07 23:56:52 status installed dmidecode:amd64 3.4-1
2025-06-07 23:56:52 configure libbsd0:amd64 0.11.7-2 <none>
2025-06-07 23:56:52 status unpacked libbsd0:amd64 0.11.7-2
2025-06-07 23:56:52 status half-configured libbsd0:amd64 0.11.7-2
2025-06-07 23:56:52 status installed libbsd0:amd64 0.11.7-2
2025-06-07 23:56:52 configure libelf1:amd64 0.188-2.1 <none>
2025-06-07 23:56:52 status unpacked libelf1:amd64 0.188-2.1
2025-06-07 23:56:52 status half-configured libelf1:amd64 0.188-2.1
2025-06-07 23:56:52 status installed libelf1:amd64 0.188-2.1
2025-06-07 23:56:52 configure iputils-ping:amd64 3:20221126-1+deb12u1 <none>
2025-06-07 23:56:52 status unpacked iputils-ping:amd64 3:20221126-1+deb12u1
2025-06-07 23:56:52 status half-configured iputils-ping:amd64 3:20221126-1+deb12u1
2025-06-07 23:56:52 status installed iputils-ping:amd64 3:20221126-1+deb12u1
2025-06-07 23:56:52 configure readline-common:all 8.2-1.3 <none>
2025-06-07 23:56:52 status unpacked readline-common:all 8.2-1.3
2025-06-07 23:56:52 status half-configured readline-common:all 8.2-1.3
2025-06-07 23:56:52 status installed readline-common:all 8.2-1.3
2025-06-07 23:56:52 configure liblocale-gettext-perl:amd64 1.07-5 <none>
2025-06-07 23:56:52 status unpacked liblocale-gettext-perl:amd64 1.07-5
2025-06-07 23:56:52 status half-configured liblocale-gettext-perl:amd64 1.07-5
2025-06-07 23:56:52 status installed liblocale-gettext-perl:amd64 1.07-5
2025-06-07 23:56:52 configure libbpf1:amd64 1:1.1.0-1 <none>
2025-06-07 23:56:52 status unpacked libbpf1:amd64 1:1.1.0-1
2025-06-07 23:56:52 status half-configured libbpf1:amd64 1:1.1.0-1
2025-06-07 23:56:52 status installed libbpf1:amd64 1:1.1.0-1
2025-06-07 23:56:52 configure libpopt0:amd64 1.19+dfsg-1 <none>
2025-06-07 23:56:52 status unpacked libpopt0:amd64 1.19+dfsg-1
2025-06-07 23:56:52 status half-configured libpopt0:amd64 1.19+dfsg-1
2025-06-07 23:56:52 status installed libpopt0:amd64 1.19+dfsg-1
2025-06-07 23:56:52 configure logrotate:amd64 3.21.0-1 <none>
2025-06-07 23:56:52 status unpacked logrotate:amd64 3.21.0-1
2025-06-07 23:56:52 status half-configured logrotate:amd64 3.21.0-1
2025-06-07 23:56:52 status installed logrotate:amd64 3.21.0-1
2025-06-07 23:56:52 configure libnewt0.52:amd64 0.52.23-1+b1 <none>
2025-06-07 23:56:52 status unpacked libnewt0.52:amd64 0.52.23-1+b1
2025-06-07 23:56:52 status half-configured libnewt0.52:amd64 0.52.23-1+b1
2025-06-07 23:56:52 status installed libnewt0.52:amd64 0.52.23-1+b1
2025-06-07 23:56:52 configure libedit2:amd64 3.1-20221030-2 <none>
2025-06-07 23:56:52 status unpacked libedit2:amd64 3.1-20221030-2
2025-06-07 23:56:52 status half-configured libedit2:amd64 3.1-20221030-2
2025-06-07 23:56:52 status installed libedit2:amd64 3.1-20221030-2
2025-06-07 23:56:52 configure libreadline8:amd64 8.2-1.3 <none>
2025-06-07 23:56:52 status unpacked libreadline8:amd64 8.2-1.3
2025-06-07 23:56:52 status half-configured libreadline8:amd64 8.2-1.3
2025-06-07 23:56:52 status installed libreadline8:amd64 8.2-1.3
2025-06-07 23:56:52 configure cron:amd64 3.0pl1-162 <none>
2025-06-07 23:56:52 status unpacked cron:amd64 3.0pl1-162
2025-06-07 23:56:52 status half-configured cron:amd64 3.0pl1-162
2025-06-07 23:56:52 status installed cron:amd64 3.0pl1-162
2025-06-07 23:56:52 configure debconf-i18n:all 1.5.82 <none>
2025-06-07 23:56:52 status unpacked debconf-i18n:all 1.5.82
2025-06-07 23:56:52 status half-configured debconf-i18n:all 1.5.82
2025-06-07 23:56:52 status installed debconf-i18n:all 1.5.82
2025-06-07 23:56:52 configure libnftnl11:amd64 1.2.4-2 <none>
2025-06-07 23:56:52 status unpacked libnftnl11:amd64 1.2.4-2
2025-06-07 23:56:52 status half-configured libnftnl11:amd64 1.2.4-2
2025-06-07 23:56:52 status installed libnftnl11:amd64 1.2.4-2
2025-06-07 23:56:52 configure vim-tiny:amd64 2:9.0.1378-2+deb12u2 <none>
2025-06-07 23:56:52 status unpacked vim-tiny:amd64 2:9.0.1378-2+deb12u2
2025-06-07 23:56:52 status half-configured vim-tiny:amd64 2:9.0.1378-2+deb12u2
2025-06-07 23:56:52 status installed vim-tiny:amd64 2:9.0.1378-2+deb12u2
2025-06-07 23:56:52 configure fdisk:amd64 2.38.1-5+deb12u3 <none>
2025-06-07 23:56:52 status unpacked fdisk:amd64 2.38.1-5+deb12u3
2025-06-07 23:56:52 status half-configured fdisk:amd64 2.38.1-5+deb12u3
2025-06-07 23:56:52 status installed fdisk:amd64 2.38.1-5+deb12u3
2025-06-07 23:56:52 configure libgssapi-krb5-2:amd64 1.20.1-2+deb12u3 <none>
2025-06-07 23:56:52 status unpacked libgssapi-krb5-2:amd64 1.20.1-2+deb12u3
2025-06-07 23:56:52 status half-configured libgssapi-krb5-2:amd64 1.20.1-2+deb12u3
2025-06-07 23:56:52 status installed libgssapi-krb5-2:amd64 1.20.1-2+deb12u3
2025-06-07 23:56:53 configure whiptail:amd64 0.52.23-1+b1 <none>
2025-06-07 23:56:53 status unpacked whiptail:amd64 0.52.23-1+b1
2025-06-07 23:56:53 status half-configured whiptail:amd64 0.52.23-1+b1
2025-06-07 23:56:53 status installed whiptail:amd64 0.52.23-1+b1
2025-06-07 23:56:53 configure libtirpc3:amd64 1.3.3+ds-1 <none>
2025-06-07 23:56:53 status unpacked libtirpc3:amd64 1.3.3+ds-1
2025-06-07 23:56:53 status half-configured libtirpc3:amd64 1.3.3+ds-1
2025-06-07 23:56:53 status installed libtirpc3:amd64 1.3.3+ds-1
2025-06-07 23:56:53 configure libnftables1:amd64 1.0.6-2+deb12u2 <none>
2025-06-07 23:56:53 status unpacked libnftables1:amd64 1.0.6-2+deb12u2
2025-06-07 23:56:53 status half-configured libnftables1:amd64 1.0.6-2+deb12u2
2025-06-07 23:56:53 status installed libnftables1:amd64 1.0.6-2+deb12u2
2025-06-07 23:56:53 configure nftables:amd64 1.0.6-2+deb12u2 <none>
2025-06-07 23:56:53 status unpacked nftables:amd64 1.0.6-2+deb12u2
2025-06-07 23:56:53 status half-configured nftables:amd64 1.0.6-2+deb12u2
2025-06-07 23:56:53 status installed nftables:amd64 1.0.6-2+deb12u2
2025-06-07 23:56:53 configure iproute2:amd64 6.1.0-3 <none>
2025-06-07 23:56:53 status unpacked iproute2:amd64 6.1.0-3
2025-06-07 23:56:53 status half-configured iproute2:amd64 6.1.0-3
2025-06-07 23:56:53 status installed iproute2:amd64 6.1.0-3
2025-06-07 23:56:53 configure isc-dhcp-client:amd64 4.4.3-P1-2 <none>
2025-06-07 23:56:53 status unpacked isc-dhcp-client:amd64 4.4.3-P1-2
2025-06-07 23:56:53 status half-configured isc-dhcp-client:amd64 4.4.3-P1-2
2025-06-07 23:56:53 status installed isc-dhcp-client:amd64 4.4.3-P1-2
2025-06-07 23:56:53 configure ifupdown:amd64 0.8.41 <none>
2025-06-07 23:56:53 status unpacked ifupdown:amd64 0.8.41
2025-06-07 23:56:53 status half-configured ifupdown:amd64 0.8.41
2025-06-07 23:56:53 status installed ifupdown:amd64 0.8.41
2025-06-07 23:56:53 configure tasksel:all 3.73 <none>
2025-06-07 23:56:53 status unpacked tasksel:all 3.73
2025-06-07 23:56:53 status half-configured tasksel:all 3.73
2025-06-07 23:56:53 status installed tasksel:all 3.73
2025-06-07 23:56:53 configure tasksel-data:all 3.73 <none>
2025-06-07 23:56:53 status unpacked tasksel-data:all 3.73
2025-06-07 23:56:53 status half-configured tasksel-data:all 3.73
2025-06-07 23:56:53 status installed tasksel-data:all 3.73
2025-06-07 23:56:53 trigproc libc-bin:amd64 2.36-9+deb12u10 <none>
2025-06-07 23:56:53 status half-configured libc-bin:amd64 2.36-9+deb12u10
2025-06-07 23:56:53 status installed libc-bin:amd64 2.36-9+deb12u10
2025-06-09 09:55:23 startup archives unpack
2025-06-09 09:55:24 install libpython3.11-minimal:amd64 <none> 3.11.2-6+deb12u6
2025-06-09 09:55:24 status half-installed libpython3.11-minimal:amd64 3.11.2-6+deb12u6
2025-06-09 09:55:24 status unpacked libpython3.11-minimal:amd64 3.11.2-6+deb12u6
2025-06-09 09:55:24 install libexpat1:amd64 <none> 2.5.0-1+deb12u1
2025-06-09 09:55:24 status triggers-pending libc-bin:amd64 2.36-9+deb12u10
2025-06-09 09:55:24 status half-installed libexpat1:amd64 2.5.0-1+deb12u1
2025-06-09 09:55:24 status unpacked libexpat1:amd64 2.5.0-1+deb12u1
2025-06-09 09:55:24 install python3.11-minimal:amd64 <none> 3.11.2-6+deb12u6
2025-06-09 09:55:24 status half-installed python3.11-minimal:amd64 3.11.2-6+deb12u6
2025-06-09 09:55:25 status triggers-pending systemd:amd64 252.36-1~deb12u1
2025-06-09 09:55:25 status unpacked python3.11-minimal:amd64 3.11.2-6+deb12u6
2025-06-09 09:55:25 startup packages configure
2025-06-09 09:55:25 configure libpython3.11-minimal:amd64 3.11.2-6+deb12u6 <none>
2025-06-09 09:55:25 status unpacked libpython3.11-minimal:amd64 3.11.2-6+deb12u6
2025-06-09 09:55:25 status half-configured libpython3.11-minimal:amd64 3.11.2-6+deb12u6
2025-06-09 09:55:25 status installed libpython3.11-minimal:amd64 3.11.2-6+deb12u6
2025-06-09 09:55:25 configure libexpat1:amd64 2.5.0-1+deb12u1 <none>
2025-06-09 09:55:25 status unpacked libexpat1:amd64 2.5.0-1+deb12u1
2025-06-09 09:55:25 status half-configured libexpat1:amd64 2.5.0-1+deb12u1
2025-06-09 09:55:25 status installed libexpat1:amd64 2.5.0-1+deb12u1
2025-06-09 09:55:25 configure python3.11-minimal:amd64 3.11.2-6+deb12u6 <none>
2025-06-09 09:55:25 status unpacked python3.11-minimal:amd64 3.11.2-6+deb12u6
2025-06-09 09:55:25 status half-configured python3.11-minimal:amd64 3.11.2-6+deb12u6
2025-06-09 09:55:27 status installed python3.11-minimal:amd64 3.11.2-6+deb12u6
2025-06-09 09:55:27 startup archives unpack
2025-06-09 09:55:27 install python3-minimal:amd64 <none> 3.11.2-1+b1
2025-06-09 09:55:27 status half-installed python3-minimal:amd64 3.11.2-1+b1
2025-06-09 09:55:27 status unpacked python3-minimal:amd64 3.11.2-1+b1
2025-06-09 09:55:27 install media-types:all <none> 10.0.0
2025-06-09 09:55:27 status half-installed media-types:all 10.0.0
2025-06-09 09:55:27 status unpacked media-types:all 10.0.0
2025-06-09 09:55:27 install libnsl2:amd64 <none> 1.3.0-2
2025-06-09 09:55:27 status half-installed libnsl2:amd64 1.3.0-2
2025-06-09 09:55:27 status unpacked libnsl2:amd64 1.3.0-2
2025-06-09 09:55:27 install libsqlite3-0:amd64 <none> 3.40.1-2+deb12u1
2025-06-09 09:55:27 status half-installed libsqlite3-0:amd64 3.40.1-2+deb12u1
2025-06-09 09:55:27 status unpacked libsqlite3-0:amd64 3.40.1-2+deb12u1
2025-06-09 09:55:27 install libpython3.11-stdlib:amd64 <none> 3.11.2-6+deb12u6
2025-06-09 09:55:27 status half-installed libpython3.11-stdlib:amd64 3.11.2-6+deb12u6
2025-06-09 09:55:28 status unpacked libpython3.11-stdlib:amd64 3.11.2-6+deb12u6
2025-06-09 09:55:28 install python3.11:amd64 <none> 3.11.2-6+deb12u6
2025-06-09 09:55:28 status half-installed python3.11:amd64 3.11.2-6+deb12u6
2025-06-09 09:55:28 status unpacked python3.11:amd64 3.11.2-6+deb12u6
2025-06-09 09:55:28 install libpython3-stdlib:amd64 <none> 3.11.2-1+b1
2025-06-09 09:55:28 status half-installed libpython3-stdlib:amd64 3.11.2-1+b1
2025-06-09 09:55:28 status unpacked libpython3-stdlib:amd64 3.11.2-1+b1
2025-06-09 09:55:28 startup packages configure
2025-06-09 09:55:28 configure python3-minimal:amd64 3.11.2-1+b1 <none>
2025-06-09 09:55:28 status unpacked python3-minimal:amd64 3.11.2-1+b1
2025-06-09 09:55:28 status half-configured python3-minimal:amd64 3.11.2-1+b1
2025-06-09 09:55:29 status installed python3-minimal:amd64 3.11.2-1+b1
2025-06-09 09:55:29 startup archives unpack
2025-06-09 09:55:29 install python3:amd64 <none> 3.11.2-1+b1
2025-06-09 09:55:29 status half-installed python3:amd64 3.11.2-1+b1
2025-06-09 09:55:29 status unpacked python3:amd64 3.11.2-1+b1
2025-06-09 09:55:29 install openssl:amd64 <none> 3.0.16-1~deb12u1
2025-06-09 09:55:29 status half-installed openssl:amd64 3.0.16-1~deb12u1
2025-06-09 09:55:30 status unpacked openssl:amd64 3.0.16-1~deb12u1
2025-06-09 09:55:30 install ca-certificates:all <none> 20230311
2025-06-09 09:55:30 status half-installed ca-certificates:all 20230311
2025-06-09 09:55:30 status unpacked ca-certificates:all 20230311
2025-06-09 09:55:30 install pythonpy:all <none> 0.4.11b-3.1
2025-06-09 09:55:30 status half-installed pythonpy:all 0.4.11b-3.1
2025-06-09 09:55:30 status unpacked pythonpy:all 0.4.11b-3.1
2025-06-09 09:55:30 startup packages configure
2025-06-09 09:55:30 configure media-types:all 10.0.0 <none>
2025-06-09 09:55:30 status unpacked media-types:all 10.0.0
2025-06-09 09:55:30 status half-configured media-types:all 10.0.0
2025-06-09 09:55:30 status installed media-types:all 10.0.0
2025-06-09 09:55:30 configure libsqlite3-0:amd64 3.40.1-2+deb12u1 <none>
2025-06-09 09:55:30 status unpacked libsqlite3-0:amd64 3.40.1-2+deb12u1
2025-06-09 09:55:30 status half-configured libsqlite3-0:amd64 3.40.1-2+deb12u1
2025-06-09 09:55:30 status installed libsqlite3-0:amd64 3.40.1-2+deb12u1
2025-06-09 09:55:30 configure libnsl2:amd64 1.3.0-2 <none>
2025-06-09 09:55:30 status unpacked libnsl2:amd64 1.3.0-2
2025-06-09 09:55:30 status half-configured libnsl2:amd64 1.3.0-2
2025-06-09 09:55:30 status installed libnsl2:amd64 1.3.0-2
2025-06-09 09:55:30 configure openssl:amd64 3.0.16-1~deb12u1 <none>
2025-06-09 09:55:30 status unpacked openssl:amd64 3.0.16-1~deb12u1
2025-06-09 09:55:30 status half-configured openssl:amd64 3.0.16-1~deb12u1
2025-06-09 09:55:30 status installed openssl:amd64 3.0.16-1~deb12u1
2025-06-09 09:55:30 configure libpython3.11-stdlib:amd64 3.11.2-6+deb12u6 <none>
2025-06-09 09:55:30 status unpacked libpython3.11-stdlib:amd64 3.11.2-6+deb12u6
2025-06-09 09:55:30 status half-configured libpython3.11-stdlib:amd64 3.11.2-6+deb12u6
2025-06-09 09:55:30 status installed libpython3.11-stdlib:amd64 3.11.2-6+deb12u6
2025-06-09 09:55:30 configure ca-certificates:all 20230311 <none>
2025-06-09 09:55:30 status unpacked ca-certificates:all 20230311
2025-06-09 09:55:30 status half-configured ca-certificates:all 20230311
2025-06-09 09:55:33 status installed ca-certificates:all 20230311
2025-06-09 09:55:33 status triggers-pending ca-certificates:all 20230311
2025-06-09 09:55:33 configure libpython3-stdlib:amd64 3.11.2-1+b1 <none>
2025-06-09 09:55:33 status unpacked libpython3-stdlib:amd64 3.11.2-1+b1
2025-06-09 09:55:33 status half-configured libpython3-stdlib:amd64 3.11.2-1+b1
2025-06-09 09:55:33 status installed libpython3-stdlib:amd64 3.11.2-1+b1
2025-06-09 09:55:33 configure python3.11:amd64 3.11.2-6+deb12u6 <none>
2025-06-09 09:55:33 status unpacked python3.11:amd64 3.11.2-6+deb12u6
2025-06-09 09:55:33 status half-configured python3.11:amd64 3.11.2-6+deb12u6
2025-06-09 09:55:35 status installed python3.11:amd64 3.11.2-6+deb12u6
2025-06-09 09:55:35 configure python3:amd64 3.11.2-1+b1 <none>
2025-06-09 09:55:35 status unpacked python3:amd64 3.11.2-1+b1
2025-06-09 09:55:35 status half-configured python3:amd64 3.11.2-1+b1
2025-06-09 09:55:35 status installed python3:amd64 3.11.2-1+b1
2025-06-09 09:55:35 configure pythonpy:all 0.4.11b-3.1 <none>
2025-06-09 09:55:35 status unpacked pythonpy:all 0.4.11b-3.1
2025-06-09 09:55:35 status half-configured pythonpy:all 0.4.11b-3.1
2025-06-09 09:55:36 status installed pythonpy:all 0.4.11b-3.1
2025-06-09 09:55:36 trigproc systemd:amd64 252.36-1~deb12u1 <none>
2025-06-09 09:55:36 status half-configured systemd:amd64 252.36-1~deb12u1
2025-06-09 09:55:36 status installed systemd:amd64 252.36-1~deb12u1
2025-06-09 09:55:36 trigproc libc-bin:amd64 2.36-9+deb12u10 <none>
2025-06-09 09:55:36 status half-configured libc-bin:amd64 2.36-9+deb12u10
2025-06-09 09:55:37 status installed libc-bin:amd64 2.36-9+deb12u10
2025-06-09 09:55:37 trigproc ca-certificates:all 20230311 <none>
2025-06-09 09:55:37 status half-configured ca-certificates:all 20230311
2025-06-09 09:55:37 status installed ca-certificates:all 20230311
